/workspace/solana-wallet-scanner/.venv/lib/python3.12/site-packages/fastapi/testclient.py:1: StarletteDeprecationWarning: Using `httpx` with `starlette.testclient` is deprecated; install `httpx2` instead.
  from starlette.testclient import TestClient as TestClient  # noqa
START archive-import
END archive-import 3.466326
START report-display
END report-display 0.512573
START source-inspection-1
END source-inspection-1 0.002425
START source-inspection-2
END source-inspection-2 0.008332
START source-inspection-3
END source-inspection-3 0.001724
START source-inspection-4
END source-inspection-4 0.001275
START csv-export
END csv-export 0.344852
START report-default-full
END report-default-full 0.654939
START json-export
END json-export 1.72682
START state-summary
END state-summary 0.203527
START same-input-rebuild
END same-input-rebuild 3.930755
START child-display
END child-display 0.427267
FINAL OBSERVED
