tests/test_indexed_input.py::test_pinned_provider_json_encodings_accept_archived_compiled_and_parsed_shapes_exactly[json]
tests/test_indexed_input.py::test_pinned_provider_json_encodings_accept_archived_compiled_and_parsed_shapes_exactly[jsonParsed]
tests/test_indexed_input.py::test_unimplemented_binary_or_malformed_encoding_keeps_exact_bytes_and_negative_record_dependencies[base64]
tests/test_indexed_input.py::test_unimplemented_binary_or_malformed_encoding_keeps_exact_bytes_and_negative_record_dependencies[base58]
tests/test_indexed_input.py::test_unimplemented_binary_or_malformed_encoding_keeps_exact_bytes_and_negative_record_dependencies[None]
tests/test_indexed_input.py::test_unimplemented_binary_or_malformed_encoding_keeps_exact_bytes_and_negative_record_dependencies[False]
tests/test_indexed_input.py::test_unimplemented_binary_or_malformed_encoding_keeps_exact_bytes_and_negative_record_dependencies[encoding4]
tests/test_indexed_input.py::test_default_and_explicit_json_share_cursor_scope_but_parsed_encoding_remains_separate
tests/test_indexed_input.py::test_exact_request_response_and_uploaded_manifest_bytes_survive_normal_archive_import
tests/test_indexed_input.py::test_pagination_topology_pass_is_not_historical_population_or_wallet_completion
tests/test_indexed_input.py::test_cursor_gaps_and_conflicts_are_explicit_without_invented_collector_ancestry[nonterminal]
tests/test_indexed_input.py::test_cursor_gaps_and_conflicts_are_explicit_without_invented_collector_ancestry[missing-predecessor]
tests/test_indexed_input.py::test_cursor_gaps_and_conflicts_are_explicit_without_invented_collector_ancestry[cursor-cycle]
tests/test_indexed_input.py::test_cursor_gaps_and_conflicts_are_explicit_without_invented_collector_ancestry[disconnected-cycle]
tests/test_indexed_input.py::test_cursor_gaps_and_conflicts_are_explicit_without_invented_collector_ancestry[conflicting-cursor]
tests/test_indexed_input.py::test_duplicate_records_link_alternatives_but_selected_population_is_not_doubled
tests/test_indexed_input.py::test_page_order_permutation_does_not_choose_a_different_selected_record
tests/test_indexed_input.py::test_frozen_source_loss_or_pointer_tampering_revokes_native_record_and_exact_restoration_recovers[missing]
tests/test_indexed_input.py::test_frozen_source_loss_or_pointer_tampering_revokes_native_record_and_exact_restoration_recovers[corrupt]
tests/test_indexed_input.py::test_frozen_source_loss_or_pointer_tampering_revokes_native_record_and_exact_restoration_recovers[substitute]
tests/test_indexed_input.py::test_frozen_source_loss_or_pointer_tampering_revokes_native_record_and_exact_restoration_recovers[pointer-extra-field]
tests/test_indexed_input.py::test_frozen_source_loss_or_pointer_tampering_revokes_native_record_and_exact_restoration_recovers[ordinal]
tests/test_indexed_input.py::test_frozen_source_loss_or_pointer_tampering_revokes_native_record_and_exact_restoration_recovers[signature]
tests/test_indexed_input.py::test_frozen_source_loss_or_pointer_tampering_revokes_native_record_and_exact_restoration_recovers[native-hash]
tests/test_indexed_input.py::test_missing_linked_page_bytes_stay_in_the_manifest_and_receipt
tests/test_indexed_input.py::test_malformed_sibling_entries_and_page_metadata_remain_visible_dependencies[unassignable]
tests/test_indexed_input.py::test_malformed_sibling_entries_and_page_metadata_remain_visible_dependencies[bad-meta]
tests/test_indexed_input.py::test_malformed_sibling_entries_and_page_metadata_remain_visible_dependencies[bad-cursor]
tests/test_indexed_input.py::test_malformed_sibling_entries_and_page_metadata_remain_visible_dependencies[extra-result]
tests/test_indexed_input.py::test_malformed_sibling_entries_and_page_metadata_remain_visible_dependencies[duplicate-signature]
tests/test_indexed_input.py::test_malformed_sibling_entries_and_page_metadata_remain_visible_dependencies[bad-request]
tests/test_indexed_input.py::test_native_gettransaction_alternative_is_exact_preserved_and_compared_as_a_link
tests/test_indexed_input.py::test_caller_trusted_completion_or_normalized_financial_declarations_are_rejected[complete]
tests/test_indexed_input.py::test_caller_trusted_completion_or_normalized_financial_declarations_are_rejected[history_complete]
tests/test_indexed_input.py::test_caller_trusted_completion_or_normalized_financial_declarations_are_rejected[positions]
tests/test_indexed_input.py::test_caller_trusted_completion_or_normalized_financial_declarations_are_rejected[events]
tests/test_indexed_input.py::test_caller_trusted_completion_or_normalized_financial_declarations_are_rejected[coverage]
tests/test_indexed_input.py::test_caller_trusted_completion_or_normalized_financial_declarations_are_rejected[world_hash]
tests/test_indexed_input.py::test_archive_paths_are_validated_before_any_input_is_converted[../outside.json]
tests/test_indexed_input.py::test_archive_paths_are_validated_before_any_input_is_converted[/absolute.json]
tests/test_indexed_input.py::test_archive_paths_are_validated_before_any_input_is_converted[raw/../outside.json]
tests/test_indexed_input.py::test_archive_paths_are_validated_before_any_input_is_converted[raw/not-a-hash.json]
tests/test_indexed_input.py::test_duplicate_json_keys_and_wrong_raw_hash_and_unlinked_inputs_rejected
tests/test_indexed_input.py::test_compressed_expansion_and_record_inspection_budgets_are_enforced
tests/test_indexed_input.py::test_genuine_two_pages_preserved_and_200_selected_records_resolve_without_live_io
tests/test_indexed_input.py::test_rpc_identity_and_native_indexed_contract_cannot_supply_false_typed_chronology[boolean-request-id]
tests/test_indexed_input.py::test_rpc_identity_and_native_indexed_contract_cannot_supply_false_typed_chronology[boolean-response-id]
tests/test_indexed_input.py::test_rpc_identity_and_native_indexed_contract_cannot_supply_false_typed_chronology[null-id]
tests/test_indexed_input.py::test_rpc_identity_and_native_indexed_contract_cannot_supply_false_typed_chronology[float-id]
tests/test_indexed_input.py::test_rpc_identity_and_native_indexed_contract_cannot_supply_false_typed_chronology[wrong-time]
tests/test_indexed_input.py::test_rpc_identity_and_native_indexed_contract_cannot_supply_false_typed_chronology[status-filter]
tests/test_indexed_input.py::test_rpc_identity_and_native_indexed_contract_cannot_supply_false_typed_chronology[row-order]
tests/test_indexed_input.py::test_rpc_identity_and_native_indexed_contract_cannot_supply_false_typed_chronology[same-placement]
tests/test_indexed_input.py::test_rpc_identity_and_native_indexed_contract_cannot_supply_false_typed_chronology[repeated-cursor]
tests/test_indexed_input.py::test_rpc_identity_and_native_indexed_contract_cannot_supply_false_typed_chronology[empty-nonterminal]
tests/test_indexed_input.py::test_source_records_derive_native_association_without_caller_role_declarations
tests/test_indexed_input.py::test_per_load_resolver_parses_each_source_once_and_returned_records_cannot_mutate_snapshot
tests/test_indexed_input.py::test_version_dispatch_checks_zip_bytes_duplicate_names_and_unsafe_paths
tests/test_indexed_input.py::test_malformed_native_alternative_keeps_raw_and_request_signature_leads_as_negative_dependencies
tests/test_indexed_input.py::test_record_receipt_does_not_duplicate_whole_page_populations
tests/test_indexed_input.py::test_deep_raw_rpc_json_retains_exact_bytes_as_rejecting_dependency_without_parser_crash[request-80]
tests/test_indexed_input.py::test_deep_raw_rpc_json_retains_exact_bytes_as_rejecting_dependency_without_parser_crash[response-80]
tests/test_indexed_input.py::test_deep_raw_rpc_json_retains_exact_bytes_as_rejecting_dependency_without_parser_crash[request-2000]
tests/test_indexed_input.py::test_deep_raw_rpc_json_retains_exact_bytes_as_rejecting_dependency_without_parser_crash[response-2000]
tests/test_indexed_input.py::test_deep_upload_manifest_rejected_as_valueerror_by_dispatch_and_conversion[80]
tests/test_indexed_input.py::test_deep_upload_manifest_rejected_as_valueerror_by_dispatch_and_conversion[2000]
tests/test_indexed_input.py::test_canonical_serialization_rejects_recursive_objects_and_retains_negative_source_receipt[deep]
tests/test_indexed_input.py::test_canonical_serialization_rejects_recursive_objects_and_retains_negative_source_receipt[cycle]
tests/test_indexed_input.py::test_deep_manifest_normal_api_import_returns_422_without_evidence_or_report_mutation
tests/test_indexed_input.py::test_same_hash_payload_substitution_never_hides_dependency_under_permutation[missing]
tests/test_indexed_input.py::test_same_hash_payload_substitution_never_hides_dependency_under_permutation[corrupt]
tests/test_indexed_input.py::test_exact_duplicate_page_bodies_are_idempotent
tests/test_indexed_input.py::test_shared_json_boundary_keeps_canonical_bytes_duplicate_key_and_nonfinite_contract
tests/test_indexed_input.py::test_shared_json_boundary_rejects_deep_parse_and_cyclic_serialization_without_adapter_imports
tests/test_indexed_input.py::test_legacy_archive_deep_raw_payload_normal_api_returns_422_before_any_source_mutation[80]
tests/test_indexed_input.py::test_legacy_archive_deep_raw_payload_normal_api_returns_422_before_any_source_mutation[2000]
tests/test_indexed_chronology.py::test_typed_exact_page_proves_selected_same_slot_indices_without_fabricating_a_full_block
tests/test_indexed_chronology.py::test_standalone_transaction_index_and_caller_page_pass_flags_supply_no_order_proof
tests/test_indexed_chronology.py::test_real_full_block_order_cross_checks_indexed_indices_without_expanding_population
tests/test_indexed_chronology.py::test_conflicting_real_block_order_revokes_order_but_keeps_independent_fee_window_membership
tests/test_indexed_chronology.py::test_every_alternative_index_survives_permutation_and_retains_finite_conflict_envelope
tests/test_indexed_chronology.py::test_half_open_fee_membership_uses_all_linked_indexed_clock_possibilities[1783175557-True-True]
tests/test_indexed_chronology.py::test_half_open_fee_membership_uses_all_linked_indexed_clock_possibilities[1783175566-False-None]
tests/test_indexed_chronology.py::test_half_open_fee_membership_uses_all_linked_indexed_clock_possibilities[1783175576-False-None]
tests/test_indexed_chronology.py::test_missing_or_malformed_indexed_clock_never_preserves_window_certainty[None]
tests/test_indexed_chronology.py::test_missing_or_malformed_indexed_clock_never_preserves_window_certainty[True]
tests/test_indexed_chronology.py::test_missing_or_malformed_indexed_clock_never_preserves_window_certainty[1783175556]
tests/test_indexed_chronology.py::test_missing_or_malformed_indexed_clock_never_preserves_window_certainty[1000000000000000000000000000000]
tests/test_indexed_chronology.py::test_required_page_loss_does_not_strengthen_clock_and_exact_restore_recovers[missing]
tests/test_indexed_chronology.py::test_required_page_loss_does_not_strengthen_clock_and_exact_restore_recovers[corrupt]
tests/test_indexed_chronology.py::test_required_page_loss_does_not_strengthen_clock_and_exact_restore_recovers[wrong-hash]
tests/test_indexed_chronology.py::test_missing_page_association_is_negative_scope_and_does_not_erase_an_independent_slot
tests/test_indexed_chronology.py::test_readable_disjoint_malformed_sibling_keeps_selected_index_and_fee_clock[bad-named-record]
tests/test_indexed_chronology.py::test_readable_disjoint_malformed_sibling_keeps_selected_index_and_fee_clock[unassignable-disjoint]
tests/test_indexed_chronology.py::test_unassignable_same_slot_dependency_cannot_be_called_disjoint_or_order_complete
tests/test_indexed_chronology.py::test_bad_cursor_metadata_cannot_prove_order_but_does_not_change_independently_bound_native_time
tests/test_indexed_chronology.py::test_same_slot_collision_between_separate_valid_indexed_sources_is_a_conflict
tests/test_indexed_chronology.py::test_indexed_source_budget_overflow_accepts_no_arbitrary_prefix
tests/test_indexed_chronology.py::test_genuine_sample_native_indices_reach_shared_chronology_without_claiming_history_population
tests/test_indexed_chronology.py::test_indexed_timestamp_outside_supported_utc_range_is_not_a_known_canonical_clock
tests/test_indexed_chronology.py::test_oversized_signature_is_unassignable_and_cannot_prove_same_slot_disjointness
tests/test_indexed_chronology.py::test_native_record_budget_overflow_does_not_certify_previously_inspected_prefix
tests/test_indexed_source_dependencies.py::test_original_byte_wrappers_validate_roles_without_population_claim[False]
tests/test_indexed_source_dependencies.py::test_original_byte_wrappers_validate_roles_without_population_claim[True]
tests/test_indexed_source_dependencies.py::test_frozen_original_manifest_validates_bytes_but_not_native_scope
tests/test_indexed_source_dependencies.py::test_positive_page_recomputed_native_facts_and_order_reach_same_wallet_path
tests/test_indexed_source_dependencies.py::test_negative_native_affinity_ignores_label_and_conflict_cannot_disappear[indexed-page]
tests/test_indexed_source_dependencies.py::test_negative_native_affinity_ignores_label_and_conflict_cannot_disappear[classification]
tests/test_indexed_source_dependencies.py::test_negative_native_affinity_ignores_label_and_conflict_cannot_disappear[valuation]
tests/test_indexed_source_dependencies.py::test_negative_native_affinity_ignores_label_and_conflict_cannot_disappear[current-mint-controls]
tests/test_indexed_source_dependencies.py::test_bad_cursor_preserves_raw_fee_while_rejecting_dependent_clock_result
tests/test_indexed_source_dependencies.py::test_execution_conflict_compares_exact_page_facts_without_caller_receipts
tests/test_indexed_source_dependencies.py::test_unassignable_record_remains_unscoped_negative_dependency
tests/test_indexed_source_dependencies.py::test_proven_disjoint_page_cannot_erase_selected_fee_or_quantity_observations
tests/test_indexed_source_dependencies.py::test_missing_required_page_loses_only_dependent_and_restores_exact_results
tests/test_indexed_source_dependencies.py::test_bodyless_reader_role_alias_is_not_another_missing_source
tests/test_indexed_source_dependencies.py::test_indexed_inspection_budget_cannot_certify_a_convenient_page_prefix
tests/test_indexed_source_dependencies.py::test_program_inference_normalizes_once_and_retains_original_compiled_paths[8]
tests/test_indexed_source_dependencies.py::test_program_inference_normalizes_once_and_retains_original_compiled_paths[32]
tests/test_indexed_source_dependencies.py::test_compiled_wallet_observation_coordinates_navigate_immutable_source[mainnet-pumpswap-buy-exact-quote.json]
tests/test_indexed_source_dependencies.py::test_compiled_wallet_observation_coordinates_navigate_immutable_source[mainnet-pumpswap-sell-durable-nonce.json]
tests/test_indexed_source_dependencies.py::test_required_and_disjoint_compiled_operation_paths_are_actual_original_nodes[malformed-required]
tests/test_indexed_source_dependencies.py::test_required_and_disjoint_compiled_operation_paths_are_actual_original_nodes[valid-disjoint]
tests/test_indexed_report_integration.py::test_normal_indexed_import_source_inspection_exports_and_immutable_offline_rebuild
tests/test_indexed_report_integration.py::test_required_byte_source_or_selected_pointer_loss_revokes_fee_then_exact_restore_recovers[missing-page]
tests/test_indexed_report_integration.py::test_required_byte_source_or_selected_pointer_loss_revokes_fee_then_exact_restore_recovers[corrupt-page]
tests/test_indexed_report_integration.py::test_required_byte_source_or_selected_pointer_loss_revokes_fee_then_exact_restore_recovers[missing-pointer]
tests/test_indexed_report_integration.py::test_linked_native_alternative_cannot_disappear_from_required_fee_dependencies[fee-conflict]
tests/test_indexed_report_integration.py::test_linked_native_alternative_cannot_disappear_from_required_fee_dependencies[malformed-native]
tests/test_indexed_report_integration.py::test_linked_native_alternative_cannot_disappear_from_required_fee_dependencies[missing-native-bytes]
tests/test_indexed_report_integration.py::test_manifest_page_permutation_duplicate_links_and_independent_source_bytes_do_not_change_narrow_results
tests/test_indexed_report_integration.py::test_caller_completion_and_canonical_index_declarations_are_rejected_at_normal_api[history_complete]
tests/test_indexed_report_integration.py::test_caller_completion_and_canonical_index_declarations_are_rejected_at_normal_api[positions]
tests/test_indexed_report_integration.py::test_caller_completion_and_canonical_index_declarations_are_rejected_at_normal_api[events]
tests/test_indexed_report_integration.py::test_caller_completion_and_canonical_index_declarations_are_rejected_at_normal_api[transaction_index]
tests/test_indexed_report_integration.py::test_genuine_authorized_two_pages_reach_normal_report_with_exact_independent_fee_sum_and_no_profit_claim
tests/test_indexed_report_integration.py::test_indexed_cli_packs_exact_raw_bytes_and_preserves_missing_links
tests/test_indexed_report_integration.py::test_indexed_cli_rejects_symlink_escape_before_writing_output
tests/test_real_coverage.py::test_unicode_raw_preimage_load_query_and_lot_recovery_keep_negative_dependencies[valid-unicode-page]
tests/test_real_coverage.py::test_unicode_raw_preimage_load_query_and_lot_recovery_keep_negative_dependencies[valid-unicode-native]
tests/test_real_coverage.py::test_unicode_raw_preimage_load_query_and_lot_recovery_keep_negative_dependencies[malformed-surrogate-page]
tests/test_real_coverage.py::test_unicode_raw_preimage_load_query_and_lot_recovery_keep_negative_dependencies[malformed-surrogate-native]
tests/test_real_coverage.py::test_malformed_unicode_page_keeps_a_supported_native_sibling_and_order_independence
tests/test_real_coverage.py::test_malformed_unicode_wrapper_normal_api_rebuild_export_and_restoration_remain_offline[page]
tests/test_real_coverage.py::test_malformed_unicode_wrapper_normal_api_rebuild_export_and_restoration_remain_offline[native]
tests/test_real_coverage.py::test_terminal_original_query_derives_coverage_without_promoting_wallet_population
tests/test_real_coverage.py::test_query_rejects_incomplete_or_filtered_inputs_without_erasing_independent_fee[nonterminal]
tests/test_real_coverage.py::test_query_rejects_incomplete_or_filtered_inputs_without_erasing_independent_fee[missing-predecessor]
tests/test_real_coverage.py::test_query_rejects_incomplete_or_filtered_inputs_without_erasing_independent_fee[selective-status]
tests/test_real_coverage.py::test_query_rejects_incomplete_or_filtered_inputs_without_erasing_independent_fee[current-accounts]
tests/test_real_coverage.py::test_query_rejects_incomplete_or_filtered_inputs_without_erasing_independent_fee[unsupported-record]
tests/test_real_coverage.py::test_returned_unselected_record_cannot_be_discarded_to_complete_the_query
tests/test_real_coverage.py::test_selected_native_variant_can_use_the_retained_original_linked_accounting_path
tests/test_real_coverage.py::test_alternative_selection_keeps_linked_negative_facts_and_exact_restoration[missing]
tests/test_real_coverage.py::test_alternative_selection_keeps_linked_negative_facts_and_exact_restoration[malformed]
tests/test_real_coverage.py::test_alternative_selection_keeps_linked_negative_facts_and_exact_restoration[unsupported]
tests/test_real_coverage.py::test_alternative_selection_keeps_linked_negative_facts_and_exact_restoration[fee-conflict]
tests/test_real_coverage.py::test_alternative_selection_keeps_linked_negative_facts_and_exact_restoration[clock-conflict]
tests/test_real_coverage.py::test_alternative_selection_needs_exact_original_and_selected_frozen_links[original-absent]
tests/test_real_coverage.py::test_alternative_selection_needs_exact_original_and_selected_frozen_links[original-missing]
tests/test_real_coverage.py::test_alternative_selection_needs_exact_original_and_selected_frozen_links[original-hash]
tests/test_real_coverage.py::test_alternative_selection_needs_exact_original_and_selected_frozen_links[selected-unlinked]
tests/test_real_coverage.py::test_alternative_selection_needs_exact_original_and_selected_frozen_links[selected-hash]
tests/test_real_coverage.py::test_alternative_selection_needs_exact_original_and_selected_frozen_links[selected-missing]
tests/test_real_coverage.py::test_alternative_selection_needs_exact_original_and_selected_frozen_links[selected-wrong-signature]
tests/test_real_coverage.py::test_genuine_compiled_and_native_parsed_selection_retains_every_original_query_record
tests/test_real_coverage.py::test_linked_page_loss_or_malformed_record_revokes_query_and_exact_restoration_recovers[missing]
tests/test_real_coverage.py::test_linked_page_loss_or_malformed_record_revokes_query_and_exact_restoration_recovers[checksum-mismatch]
tests/test_real_coverage.py::test_linked_page_loss_or_malformed_record_revokes_query_and_exact_restoration_recovers[unassignable-record]
tests/test_real_coverage.py::test_complete_independent_narrow_query_survives_broken_older_wide_query
tests/test_real_coverage.py::test_multiple_cursor_pages_and_input_permutations_use_every_original_record
tests/test_real_coverage.py::test_caller_passing_assessments_and_completion_flags_cannot_promote_raw_scope
tests/test_real_coverage.py::test_losing_selected_lots_use_existing_fifo_and_do_not_become_wallet_profit
tests/test_real_coverage.py::test_missing_acquisition_cost_blocks_conditional_money_while_native_fee_remains_usable
tests/test_real_coverage.py::test_known_fee_conflict_only_revokes_supported_record_fields_that_depend_on_it
tests/test_real_coverage.py::test_unverified_page_variant_cannot_claim_disjoint_scope_to_hide_a_linked_loss
tests/test_real_coverage.py::test_empty_terminal_query_is_a_query_observation_not_a_wallet_certificate
tests/test_real_coverage.py::test_fractional_end_requires_the_integer_boundary_transaction_in_query_scope
tests/test_real_coverage.py::test_integer_end_proves_boundary_transaction_is_outside_even_with_wider_query
tests/test_real_coverage.py::test_duplicate_selected_records_are_idempotent_but_conflicting_versions_are_permutation_independent
tests/test_real_coverage.py::test_query_affinity_is_derived_from_exact_original_bytes_under_misleading_roles[bad-version]
tests/test_real_coverage.py::test_query_affinity_is_derived_from_exact_original_bytes_under_misleading_roles[nested-wrapper]
tests/test_real_coverage.py::test_query_affinity_is_derived_from_exact_original_bytes_under_misleading_roles[malformed-version]
tests/test_real_coverage.py::test_affinity_inspection_budget_retains_an_uninspected_source_as_negative
tests/test_real_coverage.py::test_frozen_query_affinity_loss_and_restoration_preserve_original_manifest_and_independent_fees
tests/test_real_coverage.py::test_legacy_native_inventory_does_not_rewrite_parent_or_create_new_query_completion
tests/test_real_coverage.py::test_malformed_frozen_query_inventory_is_rejected_without_unhashable_crashes[hashes0]
tests/test_real_coverage.py::test_malformed_frozen_query_inventory_is_rejected_without_unhashable_crashes[hashes1]
tests/test_real_coverage.py::test_malformed_frozen_query_inventory_is_rejected_without_unhashable_crashes[hashes2]
tests/test_real_coverage.py::test_malformed_frozen_query_inventory_is_rejected_without_unhashable_crashes[aaaaaaaaaaaaaaaaaaaaaaaaaaaaaaaaaaaaaaaaaaaaaaaaaaaaaaaaaaaaaaaa]
tests/test_real_coverage.py::test_native_history_query_only_role_loss_does_not_erase_independently_proved_fee_receipts
tests/test_real_coverage.py::test_negative_query_role_cannot_hide_readable_native_fee_conflicts[classification]
tests/test_real_coverage.py::test_negative_query_role_cannot_hide_readable_native_fee_conflicts[query-affinity]
tests/test_real_coverage.py::test_missing_negative_query_only_bytes_preserve_independent_native_and_timing_facts
tests/test_real_coverage.py::test_exact_duplicate_query_declarations_do_not_consume_distinct_page_budget
tests/test_real_coverage.py::test_original_and_frozen_query_roles_share_page_budget_but_invalid_variants_remain_dependencies
tests/test_real_coverage.py::test_archive_manifest_rejects_caller_supplied_internal_dependency_roles[query-affinity]
tests/test_real_coverage.py::test_archive_manifest_rejects_caller_supplied_internal_dependency_roles[archive-native-dependencies]
tests/test_real_coverage.py::test_native_alternative_loss_retains_previously_frozen_query_affinity_dependencies
tests/test_real_coverage.py::test_direct_adapter_native_loss_replays_required_frozen_links_and_negative_signature_hints
tests/test_real_coverage.py::test_recovered_page_record_signature_shape_cannot_crash_after_a_sibling_hash_rejection[malformed_signature0]
tests/test_real_coverage.py::test_recovered_page_record_signature_shape_cannot_crash_after_a_sibling_hash_rejection[malformed_signature1]
tests/test_real_coverage.py::test_recovered_page_record_signature_shape_cannot_crash_after_a_sibling_hash_rejection[]
tests/test_real_coverage.py::test_recovered_page_record_signature_shape_cannot_crash_after_a_sibling_hash_rejection[7]

=============================== warnings summary ===============================
.venv/lib/python3.12/site-packages/fastapi/testclient.py:1
  /workspace/solana-wallet-scanner/.venv/lib/python3.12/site-packages/fastapi/testclient.py:1: StarletteDeprecationWarning: Using `httpx` with `starlette.testclient` is deprecated; install `httpx2` instead.
    from starlette.testclient import TestClient as TestClient  # noqa

-- Docs: https://docs.pytest.org/en/stable/how-to/capture-warnings.html
204 tests collected in 0.44s
