........................................................................ [  3%]
........................................................................ [  7%]
........................................................................ [ 11%]
........................................................................ [ 14%]
.......................................................... [ 17%]
.............................................................. [ 21%]
........................................................................ [ 24%]
.................................................................................................................................... [ 31%]
........................................................................ [ 35%]
............................................................................................................ [ 41%]
........................................................................ [ 44%]
........................................................................ [ 48%]
........................................................................ [ 52%]
........................................................................ [ 56%]
.............................................................................................................................................................................................. [ 65%]
........................................................................ [ 69%]
........................................................................ [ 73%]
........................................................................ [ 77%]
........................................................................ [ 80%]
........................................................................ [ 84%]
........................................................................ [ 88%]
.................................................. [ 90%]
........................................................................ [ 94%]
........................................................................ [ 98%]
...............................                                          [100%]
=============================== warnings summary ===============================
.venv/lib/python3.12/site-packages/fastapi/testclient.py:1
  /workspace/solana-wallet-scanner/.venv/lib/python3.12/site-packages/fastapi/testclient.py:1: StarletteDeprecationWarning: Using `httpx` with `starlette.testclient` is deprecated; install `httpx2` instead.
    from starlette.testclient import TestClient as TestClient  # noqa

-- Docs: https://docs.pytest.org/en/stable/how-to/capture-warnings.html
1927 passed, 1 warning, 264 subtests passed in 222.19s (0:03:42)
