/workspace/solana-wallet-scanner/.venv/lib/python3.12/site-packages/fastapi/testclient.py:1: StarletteDeprecationWarning: Using `httpx` with `starlette.testclient` is deprecated; install `httpx2` instead.
  from starlette.testclient import TestClient as TestClient  # noqa
[
  {
    "variant": "unsupported",
    "observed_membership_state": "PASS",
    "bad_transaction_state": "UNKNOWN",
    "independent_buy_accounts": {
      "8qbHbw2BbbTHBW1sbeqakYXVKRQM8Ne7pLK7m6CVfeR": "PASS",
      "GgBaCs3NCBuZN12kCJgAW63ydqohFkHEdfdEXBPzLHq": "PASS"
    },
    "wallet_population": "UNKNOWN",
    "reasons": [
      "Missing, malformed or unsupported raw transaction"
    ]
  },
  {
    "variant": "missing-meta",
    "observed_membership_state": "PASS",
    "bad_transaction_state": "UNKNOWN",
    "independent_buy_accounts": {
      "8qbHbw2BbbTHBW1sbeqakYXVKRQM8Ne7pLK7m6CVfeR": "PASS",
      "GgBaCs3NCBuZN12kCJgAW63ydqohFkHEdfdEXBPzLHq": "PASS"
    },
    "wallet_population": "UNKNOWN",
    "reasons": [
      "Missing, malformed or unsupported raw transaction"
    ]
  },
  {
    "variant": "malformed-account-operation",
    "observed_membership_state": "PASS",
    "bad_transaction_state": "UNKNOWN",
    "independent_buy_accounts": {
      "8qbHbw2BbbTHBW1sbeqakYXVKRQM8Ne7pLK7m6CVfeR": "PASS",
      "GgBaCs3NCBuZN12kCJgAW63ydqohFkHEdfdEXBPzLHq": "PASS"
    },
    "wallet_population": "UNKNOWN",
    "reasons": [
      "Parsed operation lacks a valid required account reference"
    ]
  }
]
Traceback (most recent call last):
  File "/workspace/outputs/position-history-batch/review-membership-census.py", line 19, in <module>
    assert all(row['observed_membership_state']=='UNKNOWN' for row in rows),'Unassignable/unsupported selected activity must remain in overall membership dependency census'
           ^^^^^^^^^^^^^^^^^^^^^^^^^^^^^^^^^^^^^^^^^^^^^^^^^^^^^^^^^^^^^^^^
AssertionError: Unassignable/unsupported selected activity must remain in overall membership dependency census
