============================= test session starts ==============================
platform linux -- Python 3.12.14, pytest-9.1.1, pluggy-1.6.0 -- /home/runner/work/solana-wallet-scanner/solana-wallet-scanner/.venv/bin/python
cachedir: .pytest_cache
rootdir: /home/runner/work/solana-wallet-scanner/solana-wallet-scanner
configfile: pyproject.toml
plugins: anyio-4.15.1
collecting ... collected 440 items

tests/test_archive_input.py::test_raw_inputs_reach_fifo_with_partial_sales_loss_breakeven_reentry_and_failed_fee PASSED [  0%]
tests/test_archive_input.py::test_required_source_loss_revokes_only_supported_dependencies_and_exact_restore_recovers[valuation] PASSED [  0%]
tests/test_archive_input.py::test_required_source_loss_revokes_only_supported_dependencies_and_exact_restore_recovers[classification] PASSED [  0%]
tests/test_archive_input.py::test_required_source_loss_revokes_only_supported_dependencies_and_exact_restore_recovers[ownership] PASSED [  0%]
tests/test_archive_input.py::test_required_source_loss_revokes_only_supported_dependencies_and_exact_restore_recovers[transaction] PASSED [  1%]
tests/test_archive_input.py::test_required_source_loss_revokes_only_supported_dependencies_and_exact_restore_recovers[coherent_omission] PASSED [  1%]
tests/test_archive_input.py::test_duplicates_and_reference_permutation_do_not_count_trades_or_fees_twice PASSED [  1%]
tests/test_archive_input.py::test_shorter_verification_history_does_not_erase_proved_reporting_period PASSED [  1%]
tests/test_archive_input.py::test_unknown_trade_fee_keeps_quantity_only_timing_but_not_profit PASSED [  2%]
tests/test_archive_input.py::test_malformed_native_record_retains_gap_without_crashing[slot-bad0] PASSED [  2%]
tests/test_archive_input.py::test_malformed_native_record_retains_gap_without_crashing[meta-bad1] PASSED [  2%]
tests/test_archive_input.py::test_malformed_native_record_retains_gap_without_crashing[transaction-None] PASSED [  2%]
tests/test_archive_input.py::test_malformed_native_record_retains_gap_without_crashing[blockTime-None] PASSED [  2%]
tests/test_archive_input.py::test_malformed_native_record_retains_gap_without_crashing[blockTime-9223372036854775807] PASSED [  3%]
tests/test_archive_input.py::test_unknown_incoming_basis_is_not_a_free_profitable_acquisition PASSED [  3%]
tests/test_archive_input.py::test_compressed_expansion_and_upload_limits_are_enforced_without_writes PASSED [  3%]
tests/test_archive_input.py::test_malformed_instruction_containers_are_dependencies_with_preserved_fee_observations[selected-program-id] PASSED [  3%]
tests/test_archive_input.py::test_malformed_instruction_containers_are_dependencies_with_preserved_fee_observations[selected-program-label] PASSED [  4%]
tests/test_archive_input.py::test_malformed_instruction_containers_are_dependencies_with_preserved_fee_observations[selected-inner-index] PASSED [  4%]
tests/test_archive_input.py::test_malformed_instruction_containers_are_dependencies_with_preserved_fee_observations[selected-inner-group] PASSED [  4%]
tests/test_archive_input.py::test_malformed_instruction_containers_are_dependencies_with_preserved_fee_observations[selected-inner-instructions] PASSED [  4%]
tests/test_archive_input.py::test_malformed_instruction_containers_are_dependencies_with_preserved_fee_observations[alternative-program-id] PASSED [  5%]
tests/test_archive_input.py::test_malformed_instruction_containers_are_dependencies_with_preserved_fee_observations[alternative-program-label] PASSED [  5%]
tests/test_archive_input.py::test_malformed_instruction_containers_are_dependencies_with_preserved_fee_observations[alternative-inner-index] PASSED [  5%]
tests/test_archive_input.py::test_malformed_instruction_containers_are_dependencies_with_preserved_fee_observations[alternative-inner-group] PASSED [  5%]
tests/test_archive_input.py::test_malformed_instruction_containers_are_dependencies_with_preserved_fee_observations[alternative-inner-instructions] PASSED [  5%]
tests/test_archive_input.py::test_malformed_program_identity_normal_api_import_creates_an_unresolved_report[programId] PASSED [  6%]
tests/test_archive_input.py::test_malformed_program_identity_normal_api_import_creates_an_unresolved_report[blockTime] PASSED [  6%]
tests/test_archive_input.py::test_claimed_real_world_or_completion_boolean_cannot_certify_a_wallet PASSED [  6%]
tests/test_archive_input.py::test_conflicting_linked_alternative_is_not_outvoted_or_fixed_by_hiding_its_bytes PASSED [  6%]
tests/test_archive_input.py::test_archive_paths_hashes_and_expansion_are_bounded_before_mutation PASSED [  7%]
tests/test_archive_input.py::test_normal_app_import_rebuild_sources_and_exports_preserve_parent_and_use_no_provider PASSED [  7%]
tests/test_archive_fee_window.py::test_malformed_page_signature_remains_dependency_without_crashing[signature0] PASSED [  7%]
tests/test_archive_fee_window.py::test_malformed_page_signature_remains_dependency_without_crashing[signature1] PASSED [  7%]
tests/test_archive_fee_window.py::test_malformed_page_signature_remains_dependency_without_crashing[True] PASSED [  7%]
tests/test_archive_fee_window.py::test_malformed_page_signature_remains_dependency_without_crashing[None] PASSED [  8%]
tests/test_archive_fee_window.py::test_malformed_clock_page_normal_api_import_and_rebuild_remain_supported PASSED [  8%]
tests/test_archive_fee_window.py::test_cross_boundary_or_missing_linked_clocks_revoke_window_fee_certainty[transaction-1780271999] PASSED [  8%]
tests/test_archive_fee_window.py::test_cross_boundary_or_missing_linked_clocks_revoke_window_fee_certainty[transaction-1782864000] PASSED [  8%]
tests/test_archive_fee_window.py::test_cross_boundary_or_missing_linked_clocks_revoke_window_fee_certainty[transaction-None] PASSED [  9%]
tests/test_archive_fee_window.py::test_cross_boundary_or_missing_linked_clocks_revoke_window_fee_certainty[transaction-True] PASSED [  9%]
tests/test_archive_fee_window.py::test_cross_boundary_or_missing_linked_clocks_revoke_window_fee_certainty[getTransaction-1780271999] PASSED [  9%]
tests/test_archive_fee_window.py::test_cross_boundary_or_missing_linked_clocks_revoke_window_fee_certainty[getTransaction-1782864000] PASSED [  9%]
tests/test_archive_fee_window.py::test_cross_boundary_or_missing_linked_clocks_revoke_window_fee_certainty[getTransaction-None] PASSED [ 10%]
tests/test_archive_fee_window.py::test_cross_boundary_or_missing_linked_clocks_revoke_window_fee_certainty[getTransaction-True] PASSED [ 10%]
tests/test_archive_fee_window.py::test_cross_boundary_or_missing_linked_clocks_revoke_window_fee_certainty[signature-page-1780271999] PASSED [ 10%]
tests/test_archive_fee_window.py::test_cross_boundary_or_missing_linked_clocks_revoke_window_fee_certainty[signature-page-1782864000] PASSED [ 10%]
tests/test_archive_fee_window.py::test_cross_boundary_or_missing_linked_clocks_revoke_window_fee_certainty[signature-page-None] PASSED [ 10%]
tests/test_archive_fee_window.py::test_cross_boundary_or_missing_linked_clocks_revoke_window_fee_certainty[signature-page-True] PASSED [ 11%]
tests/test_archive_fee_window.py::test_cross_boundary_or_missing_linked_clocks_revoke_window_fee_certainty[block-order-1780271999] PASSED [ 11%]
tests/test_archive_fee_window.py::test_cross_boundary_or_missing_linked_clocks_revoke_window_fee_certainty[block-order-1782864000] PASSED [ 11%]
tests/test_archive_fee_window.py::test_cross_boundary_or_missing_linked_clocks_revoke_window_fee_certainty[block-order-True] PASSED [ 11%]
tests/test_archive_fee_window.py::test_bounded_clocks_inside_same_window_preserve_independent_fees[1780272000-transaction] PASSED [ 12%]
tests/test_archive_fee_window.py::test_bounded_clocks_inside_same_window_preserve_independent_fees[1780272000-getTransaction] PASSED [ 12%]
tests/test_archive_fee_window.py::test_bounded_clocks_inside_same_window_preserve_independent_fees[1780272000-signature-page] PASSED [ 12%]
tests/test_archive_fee_window.py::test_bounded_clocks_inside_same_window_preserve_independent_fees[1780272000-block-order] PASSED [ 12%]
tests/test_archive_fee_window.py::test_bounded_clocks_inside_same_window_preserve_independent_fees[1782863999-transaction] PASSED [ 12%]
tests/test_archive_fee_window.py::test_bounded_clocks_inside_same_window_preserve_independent_fees[1782863999-getTransaction] PASSED [ 13%]
tests/test_archive_fee_window.py::test_bounded_clocks_inside_same_window_preserve_independent_fees[1782863999-signature-page] PASSED [ 13%]
tests/test_archive_fee_window.py::test_bounded_clocks_inside_same_window_preserve_independent_fees[1782863999-block-order] PASSED [ 13%]
tests/test_archive_fee_window.py::test_available_disjoint_clock_records_do_not_erase_selected_fee_observations[signature-page] PASSED [ 13%]
tests/test_archive_fee_window.py::test_available_disjoint_clock_records_do_not_erase_selected_fee_observations[block-order] PASSED [ 14%]
tests/test_archive_fee_window.py::test_optional_null_block_time_does_not_replace_supported_raw_time PASSED [ 14%]
tests/test_archive_fee_window.py::test_required_clock_loss_never_strengthens_fees_and_restoration_recovers[missing] PASSED [ 14%]
tests/test_archive_fee_window.py::test_required_clock_loss_never_strengthens_fees_and_restoration_recovers[corrupt] PASSED [ 14%]
tests/test_archive_fee_window.py::test_required_clock_loss_never_strengthens_fees_and_restoration_recovers[unsupported] PASSED [ 15%]
tests/test_archive_fee_window.py::test_fee_membership_is_independent_of_same_slot_ordering PASSED [ 15%]
tests/test_archive_fee_window.py::test_zero_wallet_paid_fee_is_independent_of_ambiguous_interval_placement PASSED [ 15%]
tests/test_archive_fee_window.py::test_permutations_and_redundant_clock_links_do_not_change_metric_semantics PASSED [ 15%]
tests/test_archive_fee_window.py::test_normal_api_rebuild_export_preserves_parent_and_restores_clock_dependency[real] PASSED [ 15%]
tests/test_archive_fee_window.py::test_normal_api_rebuild_export_preserves_parent_and_restores_clock_dependency[synthetic] PASSED [ 16%]
tests/test_archive_fee_window.py::test_old_archive_interpretation_requires_rebuild_without_rewriting_saved_values[real] PASSED [ 16%]
tests/test_archive_fee_window.py::test_old_archive_interpretation_requires_rebuild_without_rewriting_saved_values[synthetic] PASSED [ 16%]
tests/test_report_rebuild.py::test_rebuild_uses_exact_sources_and_preserves_original_window_and_preset[True] PASSED [ 16%]
tests/test_report_rebuild.py::test_rebuild_uses_exact_sources_and_preserves_original_window_and_preset[False] PASSED [ 17%]
tests/test_report_rebuild.py::test_saved_receipt_assessment_is_read_only_on_state_report_and_export[None-missing] PASSED [ 17%]
tests/test_report_rebuild.py::test_saved_receipt_assessment_is_read_only_on_state_report_and_export[history-evidence-v1-rebuild_required] PASSED [ 17%]
tests/test_report_rebuild.py::test_saved_receipt_assessment_is_read_only_on_state_report_and_export[history-evidence-v2-rebuild_required] PASSED [ 17%]
tests/test_report_rebuild.py::test_saved_receipt_assessment_is_read_only_on_state_report_and_export[history-evidence-v3-rebuild_required] PASSED [ 17%]
tests/test_report_rebuild.py::test_saved_receipt_assessment_is_read_only_on_state_report_and_export[history-evidence-v4-rebuild_required] PASSED [ 18%]
tests/test_report_rebuild.py::test_saved_receipt_assessment_is_read_only_on_state_report_and_export[history-evidence-v5-rebuild_required] PASSED [ 18%]
tests/test_report_rebuild.py::test_saved_receipt_assessment_is_read_only_on_state_report_and_export[history-evidence-v6-rebuild_required] PASSED [ 18%]
tests/test_report_rebuild.py::test_saved_receipt_assessment_is_read_only_on_state_report_and_export[history-evidence-v7-rebuild_required] PASSED [ 18%]
tests/test_report_rebuild.py::test_saved_receipt_assessment_is_read_only_on_state_report_and_export[history-evidence-v11-current] PASSED [ 19%]
tests/test_report_rebuild.py::test_position_freshness_is_independent_of_current_history_and_preserves_saved_holds[None-missing] PASSED [ 19%]
tests/test_report_rebuild.py::test_position_freshness_is_independent_of_current_history_and_preserves_saved_holds[account-position-evidence-v1-rebuild_required] PASSED [ 19%]
tests/test_report_rebuild.py::test_position_freshness_is_independent_of_current_history_and_preserves_saved_holds[account-position-evidence-v2-rebuild_required] PASSED [ 19%]
tests/test_report_rebuild.py::test_position_freshness_is_independent_of_current_history_and_preserves_saved_holds[account-position-evidence-v3-rebuild_required] PASSED [ 20%]
tests/test_report_rebuild.py::test_position_freshness_is_independent_of_current_history_and_preserves_saved_holds[account-position-evidence-v4-rebuild_required] PASSED [ 20%]
tests/test_report_rebuild.py::test_position_freshness_is_independent_of_current_history_and_preserves_saved_holds[account-position-evidence-v5-rebuild_required] PASSED [ 20%]
tests/test_report_rebuild.py::test_position_freshness_is_independent_of_current_history_and_preserves_saved_holds[account-position-evidence-v6-rebuild_required] PASSED [ 20%]
tests/test_report_rebuild.py::test_position_freshness_is_independent_of_current_history_and_preserves_saved_holds[account-position-evidence-v7-rebuild_required] PASSED [ 20%]
tests/test_report_rebuild.py::test_position_freshness_is_independent_of_current_history_and_preserves_saved_holds[account-position-evidence-v8-rebuild_required] PASSED [ 21%]
tests/test_report_rebuild.py::test_position_freshness_is_independent_of_current_history_and_preserves_saved_holds[account-position-evidence-v9-rebuild_required] PASSED [ 21%]
tests/test_report_rebuild.py::test_position_freshness_is_independent_of_current_history_and_preserves_saved_holds[account-position-evidence-v13-current] PASSED [ 21%]
tests/test_report_rebuild.py::test_rebuild_runs_scoped_position_stage_without_promoting_wallet_metrics PASSED [ 21%]
tests/test_report_rebuild.py::test_missing_primary_record_refuses_rebuild_without_a_new_report PASSED [ 22%]
tests/test_report_rebuild.py::test_wrong_frozen_window_or_signature_cannot_be_rebuilt PASSED [ 22%]
tests/test_report_rebuild.py::test_frozen_input_rejects_duplicate_transaction_links PASSED [ 22%]
tests/test_report_rebuild.py::test_rebuild_refuses_missing_job_context_demo_csrf_and_disk_shortfall PASSED [ 22%]
tests/test_wallet_evidence.py::test_positive_scoped_raw_facts_and_costs_do_not_certify_wallet_population PASSED [ 22%]
tests/test_wallet_evidence.py::test_linked_alternative_loss_conflict_or_unsupported_source_cannot_be_ignored[missing] PASSED [ 23%]
tests/test_wallet_evidence.py::test_linked_alternative_loss_conflict_or_unsupported_source_cannot_be_ignored[conflicting] PASSED [ 23%]
tests/test_wallet_evidence.py::test_linked_alternative_loss_conflict_or_unsupported_source_cannot_be_ignored[unsupported] PASSED [ 23%]
tests/test_wallet_evidence.py::test_linked_alternative_loss_conflict_or_unsupported_source_cannot_be_ignored[malformed-operation] PASSED [ 23%]
tests/test_wallet_evidence.py::test_malformed_or_unassignable_native_link_cannot_certify_selected_facts[synthetic-buy-None] PASSED [ 24%]
tests/test_wallet_evidence.py::test_malformed_or_unassignable_native_link_cannot_certify_selected_facts[None-None] PASSED [ 24%]
tests/test_wallet_evidence.py::test_malformed_or_unassignable_native_link_cannot_certify_selected_facts[synthetic-buy-bad] PASSED [ 24%]
tests/test_wallet_evidence.py::test_missing_fee_isolated_from_raw_physical_quantities_and_ownership PASSED [ 24%]
tests/test_wallet_evidence.py::test_internal_transfer_preserves_mint_aggregate_and_does_not_create_a_purchase PASSED [ 25%]
tests/test_wallet_evidence.py::test_native_create_initialize_derives_missing_zero_endpoint_from_actual_operations PASSED [ 25%]
tests/test_wallet_evidence.py::test_creation_requires_correct_executed_owner_program_and_order[owner-missing] PASSED [ 25%]
tests/test_wallet_evidence.py::test_creation_requires_correct_executed_owner_program_and_order[program-conflict] PASSED [ 25%]
tests/test_wallet_evidence.py::test_creation_requires_correct_executed_owner_program_and_order[reversed] PASSED [ 25%]
tests/test_wallet_evidence.py::test_creation_requires_correct_executed_owner_program_and_order[ata-only] PASSED [ 26%]
tests/test_wallet_evidence.py::test_zero_quantity_close_uses_native_zero_endpoint_without_closing_other_mint_accounts PASSED [ 26%]
tests/test_wallet_evidence.py::test_account_owner_change_is_phase_specific_and_does_not_become_a_sale[False] PASSED [ 26%]
tests/test_wallet_evidence.py::test_account_owner_change_is_phase_specific_and_does_not_become_a_sale[True] PASSED [ 26%]
tests/test_wallet_evidence.py::test_failed_attempted_owner_change_never_changes_committed_owner PASSED [ 27%]
tests/test_wallet_evidence.py::test_malformed_lifecycle_retains_dependencies_without_erasing_independent_fee[missing-info] PASSED [ 27%]
tests/test_wallet_evidence.py::test_malformed_lifecycle_retains_dependencies_without_erasing_independent_fee[duplicate-inner] PASSED [ 27%]
tests/test_wallet_evidence.py::test_malformed_lifecycle_retains_dependencies_without_erasing_independent_fee[mixed-shape] PASSED [ 27%]
tests/test_wallet_evidence.py::test_malformed_lifecycle_retains_dependencies_without_erasing_independent_fee[missing-new-owner] PASSED [ 27%]
tests/test_wallet_evidence.py::test_selected_record_window_membership_is_independent_for_report_28_and_90_days PASSED [ 28%]
tests/test_wallet_evidence.py::test_missing_relevant_clock_revokes_membership_while_disjoint_block_and_fee_remain_supported PASSED [ 28%]
tests/test_wallet_evidence.py::test_proved_zero_wallet_fee_projection_does_not_require_known_clock_placement[False] PASSED [ 28%]
tests/test_wallet_evidence.py::test_proved_zero_wallet_fee_projection_does_not_require_known_clock_placement[True] PASSED [ 28%]
tests/test_wallet_evidence.py::test_same_slot_raw_block_order_is_used_by_existing_fifo_not_caller_order PASSED [ 29%]
tests/test_wallet_evidence.py::test_same_slot_selected_continuity_uses_block_order_instead_of_signature_spelling PASSED [ 29%]
tests/test_wallet_evidence.py::test_unsupported_role_cannot_hide_a_selected_transaction_dependency[False] PASSED [ 29%]
tests/test_wallet_evidence.py::test_unsupported_role_cannot_hide_a_selected_transaction_dependency[True] PASSED [ 29%]
tests/test_wallet_evidence.py::test_unassignable_unsupported_source_blocks_certification_but_proved_disjoint_raw_identity_does_not PASSED [ 30%]
tests/test_wallet_evidence.py::test_available_disjoint_source_bytes_are_not_lost_when_its_receipt_lacks_payload PASSED [ 30%]
tests/test_wallet_evidence.py::test_unexplained_owner_transition_cannot_certify_wallet_owned_aggregate PASSED [ 30%]
tests/test_wallet_evidence.py::test_linked_chronology_conflict_revokes_ordered_basis_without_erasing_purchase_cost PASSED [ 30%]
tests/test_wallet_evidence.py::test_existing_fifo_retains_losing_and_breakeven_episodes_with_unresolved_real_population PASSED [ 30%]
tests/test_wallet_evidence.py::test_unaccepted_classification_valuation_sources_remain_dependencies_and_do_not_erase_fees FAILED [ 31%]
tests/test_wallet_evidence.py::test_validated_disjoint_lifecycle_target_does_not_erase_observed_named_account_quantities PASSED [ 31%]
tests/test_wallet_evidence.py::test_mint_target_authority_changes_keep_account_owner_and_quantity_observations[False-mintTokens] PASSED [ 31%]
tests/test_wallet_evidence.py::test_mint_target_authority_changes_keep_account_owner_and_quantity_observations[False-freezeAccount] PASSED [ 31%]
tests/test_wallet_evidence.py::test_mint_target_authority_changes_keep_account_owner_and_quantity_observations[True-mintTokens] PASSED [ 32%]
tests/test_wallet_evidence.py::test_mint_target_authority_changes_keep_account_owner_and_quantity_observations[True-freezeAccount] PASSED [ 32%]
tests/test_wallet_evidence.py::test_supported_current_mint_metadata_is_semantically_disjoint_from_selected_native_fees[current-mint-controls] PASSED [ 32%]
tests/test_wallet_evidence.py::test_supported_current_mint_metadata_is_semantically_disjoint_from_selected_native_fees[other-report-metadata] PASSED [ 32%]
tests/test_wallet_evidence.py::test_missing_current_mint_metadata_is_its_own_dependency_without_erasing_fees PASSED [ 32%]
tests/test_wallet_evidence.py::test_current_mint_label_cannot_hide_selected_transaction_alternative PASSED [ 33%]
tests/test_wallet_evidence.py::test_present_malformed_current_metadata_does_not_gain_exemption_from_label[wrong-method] PASSED [ 33%]
tests/test_wallet_evidence.py::test_present_malformed_current_metadata_does_not_gain_exemption_from_label[missing-context] PASSED [ 33%]
tests/test_wallet_evidence.py::test_present_malformed_current_metadata_does_not_gain_exemption_from_label[nonfinalized] PASSED [ 33%]
tests/test_wallet_evidence.py::test_present_malformed_current_metadata_does_not_gain_exemption_from_label[hidden-transaction] PASSED [ 34%]
tests/test_wallet_evidence.py::test_native_shaped_unassignable_evidence_keeps_negative_affinity_for_every_role[root-classification] PASSED [ 34%]
tests/test_wallet_evidence.py::test_native_shaped_unassignable_evidence_keeps_negative_affinity_for_every_role[root-valuation] PASSED [ 34%]
tests/test_wallet_evidence.py::test_native_shaped_unassignable_evidence_keeps_negative_affinity_for_every_role[root-current-mint-controls] PASSED [ 34%]
tests/test_wallet_evidence.py::test_native_shaped_unassignable_evidence_keeps_negative_affinity_for_every_role[result-classification] PASSED [ 35%]
tests/test_wallet_evidence.py::test_native_shaped_unassignable_evidence_keeps_negative_affinity_for_every_role[result-valuation] PASSED [ 35%]
tests/test_wallet_evidence.py::test_native_shaped_unassignable_evidence_keeps_negative_affinity_for_every_role[result-current-mint-controls] PASSED [ 35%]
tests/test_wallet_evidence.py::test_native_shaped_unassignable_evidence_keeps_negative_affinity_for_every_role[value-classification] PASSED [ 35%]
tests/test_wallet_evidence.py::test_native_shaped_unassignable_evidence_keeps_negative_affinity_for_every_role[value-valuation] PASSED [ 35%]
tests/test_wallet_evidence.py::test_native_shaped_unassignable_evidence_keeps_negative_affinity_for_every_role[value-current-mint-controls] PASSED [ 36%]
tests/test_wallet_evidence.py::test_raw_native_dependency_helper_binds_selected_signature_under_wrappers[root] PASSED [ 36%]
tests/test_wallet_evidence.py::test_raw_native_dependency_helper_binds_selected_signature_under_wrappers[result] PASSED [ 36%]
tests/test_wallet_evidence.py::test_raw_native_dependency_helper_binds_selected_signature_under_wrappers[value] PASSED [ 36%]
tests/test_wallet_evidence.py::test_invalid_signature_hint_container_is_negative_ambiguity_without_runtime_exception[1] PASSED [ 37%]
tests/test_wallet_evidence.py::test_invalid_signature_hint_container_is_negative_ambiguity_without_runtime_exception[None] PASSED [ 37%]
tests/test_wallet_evidence.py::test_invalid_signature_hint_container_is_negative_ambiguity_without_runtime_exception[bad_hints2] PASSED [ 37%]
tests/test_wallet_evidence.py::test_invalid_signature_hint_container_is_negative_ambiguity_without_runtime_exception[bad_hints3] PASSED [ 37%]
tests/test_wallet_evidence.py::test_account_union_version_budget_is_graceful_and_preserves_independent_native_fees PASSED [ 37%]
tests/test_wallet_evidence.py::test_unexplained_native_flow_revokes_economic_role_but_preserves_actual_fee PASSED [ 38%]
tests/test_wallet_evidence.py::test_budget_loss_cannot_drop_a_negative_cost_role_or_disposed_basis_dependency PASSED [ 38%]
tests/test_wallet_evidence.py::test_permutation_duplicate_sources_and_caller_pass_flags_do_not_change_results PASSED [ 38%]
tests/test_wallet_evidence.py::test_malformed_raw_shapes_remain_explicit_without_runtime_failure[meta-bad0] PASSED [ 38%]
tests/test_wallet_evidence.py::test_malformed_raw_shapes_remain_explicit_without_runtime_failure[transaction-None] PASSED [ 39%]
tests/test_wallet_evidence.py::test_malformed_raw_shapes_remain_explicit_without_runtime_failure[version-1] PASSED [ 39%]
tests/test_wallet_evidence.py::test_malformed_raw_shapes_remain_explicit_without_runtime_failure[blockTime-bad3] PASSED [ 39%]
tests/test_wallet_evidence.py::test_malformed_raw_shapes_remain_explicit_without_runtime_failure[preTokenBalances-bad4] PASSED [ 39%]
tests/test_metric_evidence.py::MetricEvidenceTests::test_28_day_loss_does_not_revoke_report_or_90_day_results PASSED [ 40%]
tests/test_metric_evidence.py::MetricEvidenceTests::test_90_day_loss_does_not_revoke_report_or_28_day_results PASSED [ 40%]
tests/test_metric_evidence.py::MetricEvidenceTests::test_component_interval_maps_do_not_borrow_missing_90_day_proof PASSED [ 40%]
tests/test_metric_evidence.py::MetricEvidenceTests::test_explicit_wrong_interval_receipt_is_not_reused PASSED [ 40%]
tests/test_metric_evidence.py::MetricEvidenceTests::test_fee_source_loss_revokes_fees_without_erasing_wallet_timing PASSED [ 40%]
tests/test_metric_evidence.py::MetricEvidenceTests::test_losing_wallet_remains_a_known_losing_result PASSED [ 41%]
tests/test_metric_evidence.py::MetricEvidenceTests::test_malformed_known_number_is_not_promoted 
tests/test_metric_evidence.py::MetricEvidenceTests::test_malformed_known_number_is_not_promoted PASSED [ 41%]
tests/test_metric_evidence.py::MetricEvidenceTests::test_malformed_or_unsupported_dependencies_are_unknown 
tests/test_metric_evidence.py::MetricEvidenceTests::test_malformed_or_unsupported_dependencies_are_unknown PASSED [ 41%]
tests/test_metric_evidence.py::MetricEvidenceTests::test_metric_coverage_status_tracks_revoked_value PASSED [ 41%]
tests/test_metric_evidence.py::MetricEvidenceTests::test_missing_basis_preserves_quantity_timing_and_independent_equity PASSED [ 42%]
tests/test_metric_evidence.py::MetricEvidenceTests::test_missing_marks_only_revoke_dependent_economic_result PASSED [ 42%]
tests/test_metric_evidence.py::MetricEvidenceTests::test_missing_or_forged_application_decision_cannot_keep_known_profit 
tests/test_metric_evidence.py::MetricEvidenceTests::test_missing_or_forged_application_decision_cannot_keep_known_profit PASSED [ 42%]
tests/test_metric_evidence.py::MetricEvidenceTests::test_missing_population_does_not_erase_selected_observations PASSED [ 42%]
tests/test_metric_evidence.py::MetricEvidenceTests::test_no_component_or_interval_checks_cannot_pass_vacuously PASSED [ 42%]
tests/test_metric_evidence.py::MetricEvidenceTests::test_observation_gate_requires_actual_known_numerical_result PASSED [ 43%]
tests/test_metric_evidence.py::MetricEvidenceTests::test_permutation_and_irrelevant_component_do_not_change_decisions PASSED [ 43%]
tests/test_metric_evidence.py::MetricEvidenceTests::test_relevant_dependency_hashes_exclude_unrelated_marks_from_profit PASSED [ 43%]
tests/test_metric_evidence.py::MetricEvidenceTests::test_report_period_loss_does_not_revoke_independent_28_or_90_days PASSED [ 43%]
tests/test_metric_evidence.py::MetricEvidenceTests::test_source_loss_restoration_and_parent_immutability PASSED [ 44%]
tests/test_metric_evidence.py::MetricEvidenceTests::test_supported_fifo_results_and_zero_profit_are_preserved PASSED [ 44%]
tests/test_metric_evidence.py::MetricEvidenceTests::test_unknown_fifo_basis_is_never_promoted_by_passing_components PASSED [ 44%]
tests/test_metric_evidence.py::MetricEvidenceTests::test_unknown_week_count_preserves_independently_known_week_observation PASSED [ 44%]
tests/test_real_evidence_adapter.py::test_wrong_role_native_dependency_is_frozen_across_loss_restoration_and_pointer_change[classification] PASSED [ 45%]
tests/test_real_evidence_adapter.py::test_wrong_role_native_dependency_is_frozen_across_loss_restoration_and_pointer_change[valuation] PASSED [ 45%]
tests/test_real_evidence_adapter.py::test_wrong_role_native_dependency_is_frozen_across_loss_restoration_and_pointer_change[current-mint-controls] PASSED [ 45%]
tests/test_real_evidence_adapter.py::test_auxiliary_dependency_inventory_loss_blocks_its_projection_and_restores[missing] PASSED [ 45%]
tests/test_real_evidence_adapter.py::test_auxiliary_dependency_inventory_loss_blocks_its_projection_and_restores[corrupt] PASSED [ 45%]
tests/test_real_evidence_adapter.py::test_legacy_archive_parent_does_not_adopt_a_later_import_inventory PASSED [ 46%]
tests/test_real_evidence_adapter.py::test_native_saved_inputs_retain_content_derived_negative_links PASSED [ 46%]
tests/test_real_evidence_adapter.py::test_native_adapter_reads_original_bytes_and_every_linked_alternative PASSED [ 46%]
tests/test_real_evidence_adapter.py::test_native_adapter_retains_checkpoint_alternatives_when_current_manifest_omits_them[frozen-checkpoint] PASSED [ 46%]
tests/test_real_evidence_adapter.py::test_native_adapter_retains_checkpoint_alternatives_when_current_manifest_omits_them[persisted-checkpoint] PASSED [ 47%]
tests/test_real_evidence_adapter.py::test_frozen_adapter_references_do_not_expand_with_later_collector_state PASSED [ 47%]
tests/test_real_evidence_adapter.py::test_malformed_link_cannot_disappear_or_crash_native_adapter[hash] PASSED [ 47%]
tests/test_real_evidence_adapter.py::test_malformed_link_cannot_disappear_or_crash_native_adapter[kind] PASSED [ 47%]
tests/test_real_evidence_adapter.py::test_malformed_link_cannot_disappear_or_crash_native_adapter[signature] PASSED [ 47%]
tests/test_real_evidence_adapter.py::test_proved_outside_window_unknown_fee_preserves_in_window_total PASSED [ 48%]
tests/test_real_evidence_adapter.py::test_physical_inspection_budget_loss_preserves_independent_native_fees PASSED [ 48%]
tests/test_real_evidence_adapter.py::test_existing_archive_alternative_capacity_is_preserved FAILED [ 48%]
tests/test_real_evidence_adapter.py::test_real_adapter_is_saved_exported_and_rebuilt_offline_without_parent_mutation[selected] PASSED [ 48%]
tests/test_real_evidence_adapter.py::test_real_adapter_is_saved_exported_and_rebuilt_offline_without_parent_mutation[classification] PASSED [ 49%]
tests/test_real_evidence_adapter.py::test_real_adapter_is_saved_exported_and_rebuilt_offline_without_parent_mutation[valuation] PASSED [ 49%]
tests/test_selected_cohort_observations.py::test_losing_and_breakeven_closed_cohort_keeps_open_stock_separate PASSED [ 49%]
tests/test_selected_cohort_observations.py::test_partial_exit_preserves_exact_fifo_remaining_basis_and_disposal_profit PASSED [ 49%]
tests/test_selected_cohort_observations.py::test_unmatched_sale_remains_in_the_disposal_denominator_without_free_basis PASSED [ 50%]
tests/test_selected_cohort_observations.py::test_real_input_flags_classification_and_valuation_cannot_promote_selected_cohort PASSED [ 50%]
tests/test_selected_cohort_observations.py::test_required_alternative_loss_never_strengthens_a_selected_cohort_and_restore_recovers[missing] PASSED [ 50%]
tests/test_selected_cohort_observations.py::test_required_alternative_loss_never_strengthens_a_selected_cohort_and_restore_recovers[conflicting] PASSED [ 50%]
tests/test_selected_cohort_observations.py::test_required_alternative_loss_never_strengthens_a_selected_cohort_and_restore_recovers[unsupported] PASSED [ 50%]
tests/test_selected_cohort_observations.py::test_required_alternative_loss_never_strengthens_a_selected_cohort_and_restore_recovers[malformed] PASSED [ 51%]
tests/test_selected_cohort_observations.py::test_missing_trade_fee_revokes_money_and_open_basis_but_preserves_closed_holding_time PASSED [ 51%]
tests/test_selected_cohort_observations.py::test_missing_exit_fee_retains_quantity_timing_and_independent_remaining_basis[selected] PASSED [ 51%]
tests/test_selected_cohort_observations.py::test_missing_exit_fee_retains_quantity_timing_and_independent_remaining_basis[alternative] PASSED [ 51%]
tests/test_selected_cohort_observations.py::test_later_missing_sale_fee_retains_earlier_supported_disposal_but_not_aggregate_profit PASSED [ 52%]
tests/test_selected_cohort_observations.py::test_missing_fee_in_a_prior_closed_episode_does_not_erase_supported_reentry PASSED [ 52%]
tests/test_selected_cohort_observations.py::test_missing_fee_quantity_fallback_cannot_hide_another_evidenced_same_mint_holding PASSED [ 52%]
tests/test_selected_cohort_observations.py::test_invalid_fee_fallback_never_replaces_a_quantity_or_route_proof[None] PASSED [ 52%]
tests/test_selected_cohort_observations.py::test_invalid_fee_fallback_never_replaces_a_quantity_or_route_proof[-1] PASSED [ 52%]
tests/test_selected_cohort_observations.py::test_invalid_fee_fallback_never_replaces_a_quantity_or_route_proof[True] PASSED [ 53%]
tests/test_selected_cohort_observations.py::test_invalid_fee_fallback_never_replaces_a_quantity_or_route_proof[5000] PASSED [ 53%]
tests/test_selected_cohort_observations.py::test_invalid_fee_fallback_never_replaces_a_quantity_or_route_proof[fee4] PASSED [ 53%]
tests/test_selected_cohort_observations.py::test_selected_cohorts_and_disposals_use_independent_report_28_and_90_day_scopes PASSED [ 53%]
tests/test_selected_cohort_observations.py::test_pre_window_acquisition_basis_is_consumed_without_charging_its_fee_twice PASSED [ 54%]
tests/test_selected_cohort_observations.py::test_unknown_earlier_inventory_cannot_supply_a_supported_remaining_stock_quantity PASSED [ 54%]
tests/test_selected_cohort_observations.py::test_permutation_and_duplicate_source_declarations_do_not_duplicate_cohort_denominators PASSED [ 54%]
tests/test_selected_cohort_observations.py::test_identity_source_label_cannot_hide_readable_native_alternatives[wallet-account-info] PASSED [ 54%]
tests/test_selected_cohort_observations.py::test_identity_source_label_cannot_hide_readable_native_alternatives[wallet-account-source] PASSED [ 55%]
tests/test_selected_cohort_observations.py::test_identity_source_label_cannot_hide_readable_native_alternatives[wallet-identity-affinity] PASSED [ 55%]
tests/test_selected_cohort_observations.py::test_readable_account_source_alias_does_not_erase_independent_selected_fees PASSED [ 55%]
tests/test_selected_cohort_observations.py::test_consumed_unknown_cost_does_not_erase_a_known_surviving_acquisition[selected] PASSED [ 55%]
tests/test_selected_cohort_observations.py::test_consumed_unknown_cost_does_not_erase_a_known_surviving_acquisition[alternative] PASSED [ 55%]
tests/test_selected_cohort_observations.py::test_same_second_ordered_reentry_keeps_each_episode_dependency_separate PASSED [ 56%]
tests/test_selected_cohort_observations.py::test_same_second_ordered_topup_requires_zero_only_at_the_initial_acquisition[selected] PASSED [ 56%]
tests/test_selected_cohort_observations.py::test_same_second_ordered_topup_requires_zero_only_at_the_initial_acquisition[linked-alternative] PASSED [ 56%]
tests/test_selected_cohort_observations.py::test_proved_later_same_second_transfer_does_not_erase_prior_closed_lot[incoming] PASSED [ 56%]
tests/test_selected_cohort_observations.py::test_proved_later_same_second_transfer_does_not_erase_prior_closed_lot[outgoing] PASSED [ 57%]
tests/test_selected_cohort_observations.py::test_high_precision_internal_fifo_outputs_remain_supported_and_conserve_cost[partial] PASSED [ 57%]
tests/test_selected_cohort_observations.py::test_high_precision_internal_fifo_outputs_remain_supported_and_conserve_cost[closed] PASSED [ 57%]
tests/test_selected_cohort_observations.py::test_high_precision_fifo_archive_api_rebuild_and_export_are_offline[partial] PASSED [ 57%]
tests/test_selected_cohort_observations.py::test_high_precision_fifo_archive_api_rebuild_and_export_are_offline[closed] PASSED [ 57%]
tests/test_selected_cohort_observations.py::test_surviving_acquisition_source_removal_restoration_keeps_report_parent_immutable PASSED [ 58%]
tests/test_selected_cohort_observations.py::test_account_byte_envelope_cannot_hide_conflicting_native_fee_or_lost_alternative[wallet-account-info] PASSED [ 58%]
tests/test_selected_cohort_observations.py::test_account_byte_envelope_cannot_hide_conflicting_native_fee_or_lost_alternative[wallet-account-source] PASSED [ 58%]
tests/test_selected_cohort_observations.py::test_account_byte_envelope_cannot_hide_conflicting_native_fee_or_lost_alternative[wallet-identity-affinity] PASSED [ 58%]
tests/test_selected_cohort_observations.py::test_unreadable_or_unassignable_account_envelope_cannot_prove_native_disjointness[corrupt-request] PASSED [ 59%]
tests/test_selected_cohort_observations.py::test_unreadable_or_unassignable_account_envelope_cannot_prove_native_disjointness[corrupt-response] PASSED [ 59%]
tests/test_selected_cohort_observations.py::test_unreadable_or_unassignable_account_envelope_cannot_prove_native_disjointness[malformed-native] PASSED [ 59%]
tests/test_selected_cohort_observations.py::test_normal_archive_saved_report_rebuild_exports_and_source_restoration_stay_offline PASSED [ 59%]
tests/test_production_evidence_composition.py::test_positive_internal_gate_composition_is_numerically_bound_and_nonmutating PASSED [ 60%]
tests/test_production_evidence_composition.py::test_independent_interval_checks_cannot_borrow_bounds_or_evidence[absent-report_period] PASSED [ 60%]
tests/test_production_evidence_composition.py::test_independent_interval_checks_cannot_borrow_bounds_or_evidence[absent-four_weeks] PASSED [ 60%]
tests/test_production_evidence_composition.py::test_independent_interval_checks_cannot_borrow_bounds_or_evidence[absent-verification_90d] PASSED [ 60%]
tests/test_production_evidence_composition.py::test_independent_interval_checks_cannot_borrow_bounds_or_evidence[wrong-name-report_period] PASSED [ 60%]
tests/test_production_evidence_composition.py::test_independent_interval_checks_cannot_borrow_bounds_or_evidence[wrong-name-four_weeks] PASSED [ 61%]
tests/test_production_evidence_composition.py::test_independent_interval_checks_cannot_borrow_bounds_or_evidence[wrong-name-verification_90d] PASSED [ 61%]
tests/test_production_evidence_composition.py::test_independent_interval_checks_cannot_borrow_bounds_or_evidence[short-report_period] PASSED [ 61%]
tests/test_production_evidence_composition.py::test_independent_interval_checks_cannot_borrow_bounds_or_evidence[short-four_weeks] PASSED [ 61%]
tests/test_production_evidence_composition.py::test_independent_interval_checks_cannot_borrow_bounds_or_evidence[short-verification_90d] PASSED [ 62%]
tests/test_production_evidence_composition.py::test_independent_interval_checks_cannot_borrow_bounds_or_evidence[missing-bounds-report_period] PASSED [ 62%]
tests/test_production_evidence_composition.py::test_independent_interval_checks_cannot_borrow_bounds_or_evidence[missing-bounds-four_weeks] PASSED [ 62%]
tests/test_production_evidence_composition.py::test_independent_interval_checks_cannot_borrow_bounds_or_evidence[missing-bounds-verification_90d] PASSED [ 62%]
tests/test_production_evidence_composition.py::test_independent_interval_checks_cannot_borrow_bounds_or_evidence[bad-hash-report_period] PASSED [ 62%]
tests/test_production_evidence_composition.py::test_independent_interval_checks_cannot_borrow_bounds_or_evidence[bad-hash-four_weeks] PASSED [ 63%]
tests/test_production_evidence_composition.py::test_independent_interval_checks_cannot_borrow_bounds_or_evidence[bad-hash-verification_90d] PASSED [ 63%]
tests/test_production_evidence_composition.py::test_required_component_loss_restoration_revokes_only_dependencies[wallet_identity-identity] PASSED [ 63%]
tests/test_production_evidence_composition.py::test_required_component_loss_restoration_revokes_only_dependencies[acquisition_basis-basis] PASSED [ 63%]
tests/test_production_evidence_composition.py::test_required_component_loss_restoration_revokes_only_dependencies[economic_costs-fees] PASSED [ 64%]
tests/test_production_evidence_composition.py::test_required_component_loss_restoration_revokes_only_dependencies[historical_population-history] PASSED [ 64%]
tests/test_production_evidence_composition.py::test_required_component_loss_restoration_revokes_only_dependencies[positions-positions] PASSED [ 64%]
tests/test_production_evidence_composition.py::test_required_component_loss_restoration_revokes_only_dependencies[classification-classification] PASSED [ 64%]
tests/test_production_evidence_composition.py::test_required_component_loss_restoration_revokes_only_dependencies[historical_marks-valuation] PASSED [ 65%]
tests/test_production_evidence_composition.py::test_required_component_loss_restoration_revokes_only_dependencies[observed_economic_roles-findings] PASSED [ 65%]
tests/test_production_evidence_composition.py::test_stale_synthetic_or_malformed_binding_cannot_verify[synthetic] PASSED [ 65%]
tests/test_production_evidence_composition.py::test_stale_synthetic_or_malformed_binding_cannot_verify[old-wallet] PASSED [ 65%]
tests/test_production_evidence_composition.py::test_stale_synthetic_or_malformed_binding_cannot_verify[old-source] PASSED [ 65%]
tests/test_production_evidence_composition.py::test_stale_synthetic_or_malformed_binding_cannot_verify[old-clock] PASSED [ 66%]
tests/test_production_evidence_composition.py::test_stale_synthetic_or_malformed_binding_cannot_verify[old-fifo] PASSED [ 66%]
tests/test_production_evidence_composition.py::test_stale_synthetic_or_malformed_binding_cannot_verify[bool-provider] PASSED [ 66%]
tests/test_production_evidence_composition.py::test_stale_synthetic_or_malformed_binding_cannot_verify[missing-calls] PASSED [ 66%]
tests/test_production_evidence_composition.py::test_stale_synthetic_or_malformed_binding_cannot_verify[bad-binding] PASSED [ 67%]
tests/test_production_evidence_composition.py::test_known_loss_or_breakeven_can_be_evidence_supported_without_invented_percentage[0] PASSED [ 67%]
tests/test_production_evidence_composition.py::test_known_loss_or_breakeven_can_be_evidence_supported_without_invented_percentage[1] PASSED [ 67%]
tests/test_production_evidence_composition.py::test_unknown_numbers_do_not_become_known_from_passing_components_or_caller_domain PASSED [ 67%]
tests/test_production_evidence_composition.py::test_wallet_freshness_annotation_survives_summary_and_display_without_parent_mutation PASSED [ 67%]
tests/test_production_evidence_composition.py::test_real_adapter_partial_interval_with_null_passing_population_reason_stays_structured PASSED [ 68%]
tests/test_production_evidence_composition.py::test_native_saved_rebuild_exposes_raw_selected_fee_independently_of_wallet_profit PASSED [ 68%]
tests/test_production_evidence_composition.py::test_outside_window_unresolved_fee_does_not_erase_proved_current_fees PASSED [ 68%]
tests/test_production_evidence_composition.py::test_fee_projection_requires_explicit_membership_or_independently_proved_zero[membership0-None-PASS] PASSED [ 68%]
tests/test_production_evidence_composition.py::test_fee_projection_requires_explicit_membership_or_independently_proved_zero[membership1-5-UNKNOWN] PASSED [ 69%]
tests/test_production_evidence_composition.py::test_fee_projection_requires_explicit_membership_or_independently_proved_zero[membership2-0-PASS] PASSED [ 69%]
tests/test_production_evidence_composition.py::test_fee_projection_requires_explicit_membership_or_independently_proved_zero[membership3-5-UNKNOWN] PASSED [ 69%]
tests/test_production_evidence_composition.py::test_fee_projection_requires_explicit_membership_or_independently_proved_zero[membership4-5-UNKNOWN] PASSED [ 69%]
tests/test_production_evidence_composition.py::test_empty_fee_source_population_cannot_supply_a_free_zero_or_pass PASSED [ 70%]
tests/test_wallet_identity.py::test_positive_current_account_and_literal_outer_header_do_not_prove_history[legacy] PASSED [ 70%]
tests/test_wallet_identity.py::test_positive_current_account_and_literal_outer_header_do_not_prove_history[0] PASSED [ 70%]
tests/test_wallet_identity.py::test_parsed_outer_signer_flags_and_loaded_key_contract_are_shared PASSED [ 70%]
tests/test_wallet_identity.py::test_compiled_v0_loaded_key_counts_are_checked_without_inventing_signers PASSED [ 70%]
tests/test_wallet_identity.py::test_original_request_response_bytes_are_retained_separately_from_native_schema PASSED [ 71%]
tests/test_wallet_identity.py::test_required_account_failures_remain_dependencies_and_restore[missing] PASSED [ 71%]
tests/test_wallet_identity.py::test_required_account_failures_remain_dependencies_and_restore[corrupt] PASSED [ 71%]
tests/test_wallet_identity.py::test_required_account_failures_remain_dependencies_and_restore[wrong-owner] PASSED [ 71%]
tests/test_wallet_identity.py::test_required_account_failures_remain_dependencies_and_restore[executable] PASSED [ 72%]
tests/test_wallet_identity.py::test_required_account_failures_remain_dependencies_and_restore[null-account] PASSED [ 72%]
tests/test_wallet_identity.py::test_required_account_failures_remain_dependencies_and_restore[unfinalized] PASSED [ 72%]
tests/test_wallet_identity.py::test_required_account_failures_remain_dependencies_and_restore[malformed-slot] PASSED [ 72%]
tests/test_wallet_identity.py::test_required_account_failures_remain_dependencies_and_restore[malformed-lamports] PASSED [ 72%]
tests/test_wallet_identity.py::test_required_account_failures_remain_dependencies_and_restore[caller-pass] PASSED [ 73%]
tests/test_wallet_identity.py::test_paired_request_contract_and_context_are_not_caller_declarations[kwargs0] PASSED [ 73%]
tests/test_wallet_identity.py::test_paired_request_contract_and_context_are_not_caller_declarations[kwargs1] PASSED [ 73%]
tests/test_wallet_identity.py::test_paired_request_contract_and_context_are_not_caller_declarations[kwargs2] PASSED [ 73%]
tests/test_wallet_identity.py::test_paired_request_contract_and_context_are_not_caller_declarations[kwargs3] PASSED [ 74%]
tests/test_wallet_identity.py::test_native_indexed_source_version_cannot_be_repurposed_for_account_info PASSED [ 74%]
tests/test_wallet_identity.py::test_every_linked_economic_version_must_agree_and_remain_linked[missing] PASSED [ 74%]
tests/test_wallet_identity.py::test_every_linked_economic_version_must_agree_and_remain_linked[not-signer] PASSED [ 74%]
tests/test_wallet_identity.py::test_every_linked_economic_version_must_agree_and_remain_linked[unsupported-version] PASSED [ 75%]
tests/test_wallet_identity.py::test_every_linked_economic_version_must_agree_and_remain_linked[malformed-header] PASSED [ 75%]
tests/test_wallet_identity.py::test_every_linked_economic_version_must_agree_and_remain_linked[signature-count] PASSED [ 75%]
tests/test_wallet_identity.py::test_every_linked_economic_version_must_agree_and_remain_linked[economic-conflict] PASSED [ 75%]
tests/test_wallet_identity.py::test_every_linked_economic_version_must_agree_and_remain_linked[malformed-loaded] PASSED [ 75%]
tests/test_wallet_identity.py::test_sponsored_economic_signer_is_supported_without_payer_identity_shortcut PASSED [ 76%]
tests/test_wallet_identity.py::test_payer_only_or_current_owner_only_cannot_prove_economic_signer PASSED [ 76%]
tests/test_wallet_identity.py::test_account_conflict_loss_cannot_become_favorable_vote_and_disjoint_metadata_is_irrelevant PASSED [ 76%]
tests/test_wallet_identity.py::test_order_independence_source_annotations_and_input_immutability PASSED [ 76%]
tests/test_wallet_identity.py::test_forged_pass_affinity_can_only_reduce_certainty PASSED [ 77%]
tests/test_wallet_identity.py::test_account_source_affinity_cannot_be_erased_with_role_or_wrapper_changes[wrong-version] PASSED [ 77%]
tests/test_wallet_identity.py::test_account_source_affinity_cannot_be_erased_with_role_or_wrapper_changes[nested-wrapper] PASSED [ 77%]
tests/test_wallet_identity.py::test_account_source_affinity_cannot_be_erased_with_role_or_wrapper_changes[typed-malformed] PASSED [ 77%]
tests/test_wallet_identity.py::test_account_source_affinity_cannot_be_erased_with_role_or_wrapper_changes[typed-missing] PASSED [ 77%]
tests/test_wallet_identity.py::test_malformed_original_response_checksum_is_retained_and_rejected PASSED [ 78%]
tests/test_wallet_identity.py::test_invalid_outer_signature_shape_cannot_prove_identity PASSED [ 78%]
tests/test_wallet_identity.py::test_saved_archive_identity_loss_restore_preserves_parent_fees_and_offline_scope[paired] PASSED [ 78%]
tests/test_wallet_identity.py::test_saved_archive_identity_loss_restore_preserves_parent_fees_and_offline_scope[paired-alias] PASSED [ 78%]
tests/test_wallet_identity.py::test_saved_archive_identity_loss_restore_preserves_parent_fees_and_offline_scope[store-wrapper] PASSED [ 79%]
tests/test_wallet_identity.py::test_saved_archive_identity_loss_restore_preserves_parent_fees_and_offline_scope[conflicting] PASSED [ 79%]
tests/test_wallet_identity.py::test_saved_archive_identity_loss_restore_preserves_parent_fees_and_offline_scope[malformed] PASSED [ 79%]
tests/test_wallet_identity.py::test_native_conflict_inside_account_byte_envelope_cannot_hide_or_disappear_on_api_rebuild[wallet-account-info] PASSED [ 79%]
tests/test_wallet_identity.py::test_native_conflict_inside_account_byte_envelope_cannot_hide_or_disappear_on_api_rebuild[wallet-account-source] PASSED [ 80%]
tests/test_wallet_identity.py::test_native_conflict_inside_account_byte_envelope_cannot_hide_or_disappear_on_api_rebuild[classification] PASSED [ 80%]
tests/test_wallet_position_population.py::test_mixed_closed_open_loss_and_breakeven_are_admitted_without_wallet_qualification PASSED [ 80%]
tests/test_wallet_position_population.py::test_partial_exit_uses_existing_fifo_remainder_without_requiring_closure PASSED [ 80%]
tests/test_wallet_position_population.py::test_full_owned_account_transfer_carries_aggregate_and_keeps_single_episode PASSED [ 80%]
tests/test_wallet_position_population.py::test_partial_owned_account_transfer_carries_two_surviving_account_quantities PASSED [ 81%]
tests/test_wallet_position_population.py::test_missing_fee_blocks_dependent_money_without_revoking_quantity_population[buy-loss] PASSED [ 81%]
tests/test_wallet_position_population.py::test_missing_fee_blocks_dependent_money_without_revoking_quantity_population[close-loss] PASSED [ 81%]
tests/test_wallet_position_population.py::test_missing_fee_blocks_dependent_money_without_revoking_quantity_population[reentry-open] PASSED [ 81%]
tests/test_wallet_position_population.py::test_linked_required_source_loss_remains_dependency_and_restore_recovers[missing] PASSED [ 82%]
tests/test_wallet_position_population.py::test_linked_required_source_loss_remains_dependency_and_restore_recovers[quantity-conflict] PASSED [ 82%]
tests/test_wallet_position_population.py::test_linked_required_source_loss_remains_dependency_and_restore_recovers[malformed] PASSED [ 82%]
tests/test_wallet_position_population.py::test_linked_required_source_loss_remains_dependency_and_restore_recovers[unsupported] PASSED [ 82%]
tests/test_wallet_position_population.py::test_source_canonical_hash_mismatch_is_rejected_even_when_supplied_receipts_claim_pass PASSED [ 82%]
tests/test_wallet_position_population.py::test_readable_unassignable_selected_body_cannot_disappear_from_known_mint_quantity[wrong-identity-public-wrapper] PASSED [ 83%]
tests/test_wallet_position_population.py::test_readable_unassignable_selected_body_cannot_disappear_from_known_mint_quantity[wrong-identity-normal-adapter] PASSED [ 83%]
tests/test_wallet_position_population.py::test_readable_unassignable_selected_body_cannot_disappear_from_known_mint_quantity[unsupported-format-public-wrapper] PASSED [ 83%]
tests/test_wallet_position_population.py::test_readable_unassignable_selected_body_cannot_disappear_from_known_mint_quantity[unsupported-format-normal-adapter] PASSED [ 83%]
tests/test_wallet_position_population.py::test_readable_unassignable_selected_body_cannot_disappear_from_known_mint_quantity[missing-meta-public-wrapper] PASSED [ 84%]
tests/test_wallet_position_population.py::test_readable_unassignable_selected_body_cannot_disappear_from_known_mint_quantity[missing-meta-normal-adapter] PASSED [ 84%]
tests/test_wallet_position_population.py::test_readable_wrong_identity_alternative_cannot_be_ignored_in_known_quantity PASSED [ 84%]
tests/test_wallet_position_population.py::test_caller_flags_classification_and_valuation_do_not_promote_population PASSED [ 84%]
tests/test_wallet_position_population.py::test_input_and_alternative_order_do_not_change_position_admission PASSED [ 85%]
tests/test_wallet_position_population.py::test_preexisting_inventory_has_known_endpoint_quantity_without_invented_fifo_origin PASSED [ 85%]
tests/test_wallet_position_population.py::test_account_endpoint_gap_revokes_aggregate_but_does_not_erase_completed_earlier_episode PASSED [ 85%]
tests/test_wallet_position_population.py::test_report_28_day_and_90_day_closed_cohorts_have_independent_boundaries PASSED [ 85%]
tests/test_wallet_position_population.py::test_post_boundary_buy_does_not_enter_ending_position_quantity PASSED [ 85%]
tests/test_wallet_position_population.py::test_readable_disjoint_mint_does_not_revoke_supported_quantity_or_closed_episode PASSED [ 86%]
tests/test_wallet_position_population.py::test_no_network_or_credential_access_in_raw_position_derivation PASSED [ 86%]
tests/test_wallet_position_population.py::test_future_disjoint_mint_is_not_admitted_to_the_report_end_population PASSED [ 86%]
tests/test_wallet_position_population.py::test_same_second_unknown_order_is_not_a_position_population_certificate PASSED [ 86%]
tests/test_wallet_position_population.py::test_original_native_byte_envelopes_bind_indexed_pointer_hashes_without_body_hash_substitution PASSED [ 87%]
tests/test_wallet_position_population.py::test_failed_transaction_fee_gap_does_not_create_an_episode_or_erase_remaining_basis[selected] PASSED [ 87%]
tests/test_wallet_position_population.py::test_failed_transaction_fee_gap_does_not_create_an_episode_or_erase_remaining_basis[alternative] PASSED [ 87%]
tests/test_wallet_position_population.py::test_failed_record_with_conflicting_token_endpoints_cannot_supply_position_certainty PASSED [ 87%]
tests/test_wallet_position_population.py::test_normal_archive_position_admission_rebuild_source_loss_restore_and_export_are_offline PASSED [ 87%]
tests/test_asset_classification.py::test_literal_wrapped_native_is_excluded_without_claiming_a_complete_meme_population PASSED [ 88%]
tests/test_asset_classification.py::test_real_token_program_or_authority_metadata_cannot_manufacture_meme_eligibility[TokenkegQfeZyiNwAJbNbGKPFXCWuBvf9Ss623VQ5DA] PASSED [ 88%]
tests/test_asset_classification.py::test_real_token_program_or_authority_metadata_cannot_manufacture_meme_eligibility[TokenzQdBNbLqP5VEhdkAS6EPFLC1PHnBqCXEpPxuEb] PASSED [ 88%]
tests/test_asset_classification.py::test_linked_native_loss_conflict_and_unsupported_identity_revoke_then_restore[missing] PASSED [ 88%]
tests/test_asset_classification.py::test_linked_native_loss_conflict_and_unsupported_identity_revoke_then_restore[mint-conflict] PASSED [ 89%]
tests/test_asset_classification.py::test_linked_native_loss_conflict_and_unsupported_identity_revoke_then_restore[wrong-program] PASSED [ 89%]
tests/test_asset_classification.py::test_linked_native_loss_conflict_and_unsupported_identity_revoke_then_restore[malformed] PASSED [ 89%]
tests/test_asset_classification.py::test_independent_report_and_28_day_scopes_exclude_only_proved_old_unknown_assets PASSED [ 89%]
tests/test_asset_classification.py::test_exact_byte_current_controls_remain_independent_and_never_become_historical_classification PASSED [ 90%]
tests/test_asset_classification.py::test_detached_raw_object_and_caller_pass_classification_flags_are_not_admitted PASSED [ 90%]
tests/test_asset_classification.py::test_supported_nonsettlement_roundtrip_remains_activity_despite_zero_net_change PASSED [ 90%]
tests/test_asset_classification.py::test_indexed_pointer_identity_is_recovered_only_from_retained_original_page_bytes PASSED [ 90%]
tests/test_native_cash_observations.py::test_sponsored_outer_and_inner_transfers_have_original_paths_and_unknown_economic_roles PASSED [ 90%]
tests/test_native_cash_observations.py::test_equal_gross_movements_survive_net_cancellation_and_failed_attempts_move_zero PASSED [ 91%]
tests/test_native_cash_observations.py::test_malformed_quantity_or_inner_association_cannot_supply_known_gross_transfer_set PASSED [ 91%]
tests/test_native_cash_observations.py::test_linked_source_loss_conflict_and_restoration_revoke_cash_but_keep_parent_immutable PASSED [ 91%]
tests/test_native_cash_observations.py::test_independent_intervals_and_missing_fee_do_not_erase_supported_transfer_facts PASSED [ 91%]
tests/test_native_cash_observations.py::test_hash_substitution_cannot_become_a_trusted_transfer_declaration PASSED [ 92%]
tests/test_native_cash_observations.py::test_unrecorded_wallet_cpi_cannot_prove_zero_but_builtin_and_disjoint_scopes_remain_supported PASSED [ 92%]
tests/test_native_cash_observations.py::test_all_proved_outside_records_supply_scoped_zero_with_retained_exclusion_and_loss_dependencies PASSED [ 92%]
tests/test_native_cash_observations.py::test_genuine_original_sponsored_transfer_matches_independently_worked_integer_expectation PASSED [ 92%]
tests/test_economic_evidence.py::test_protocol_wrapped_sol_mark_and_native_phase_survive_missing_unrelated_fee PASSED [ 92%]
tests/test_economic_evidence.py::test_absolute_native_conflict_does_not_erase_independent_protocol_unit_mark PASSED [ 93%]
tests/test_economic_evidence.py::test_equivalent_native_phase_array_locations_are_not_conflicting_facts PASSED [ 93%]
tests/test_economic_evidence.py::test_required_alternative_loss_revokes_dependent_observations_and_restoration_is_exact PASSED [ 93%]
tests/test_economic_evidence.py::test_independent_windows_and_absent_native_address_never_manufacture_zero_inventory PASSED [ 93%]
tests/test_economic_evidence.py::test_nonsettlement_units_are_not_valued_and_zero_units_need_no_price PASSED [ 94%]
tests/test_economic_evidence.py::test_partial_internal_zero_flow_result_never_supplies_equity_or_complete_economic_inputs PASSED [ 94%]
tests/test_economic_evidence.py::test_retained_genuine_original_native_phase_is_known_without_complete_wallet_profit PASSED [ 94%]
tests/test_cost_flow_evidence.py::test_wallet_owned_creation_enters_existing_ledger_as_internal_movement_and_fee_once PASSED [ 94%]
tests/test_cost_flow_evidence.py::test_wallet_owned_zero_token_closure_is_refund_not_income_or_fee PASSED [ 95%]
tests/test_cost_flow_evidence.py::test_existing_token_owner_alone_cannot_prove_refund_rights_for_top_up PASSED [ 95%]
tests/test_cost_flow_evidence.py::test_external_transfers_keep_unknown_role_even_when_gross_sides_cancel PASSED [ 95%]
tests/test_cost_flow_evidence.py::test_required_alternative_loss_conflict_and_exact_restoration_do_not_mutate_parent PASSED [ 95%]
tests/test_cost_flow_evidence.py::test_foreign_owner_missing_signer_or_malformed_admin_preserves_independent_fee PASSED [ 95%]
tests/test_cost_flow_evidence.py::test_failed_administration_adds_no_roles_and_keeps_only_actual_fee PASSED [ 96%]
tests/test_cost_flow_evidence.py::test_retained_genuine_compiled_account_creation_admits_exact_funding_without_completeness PASSED [ 96%]
tests/test_cost_flow_evidence.py::test_mixed_refund_normal_saved_report_offline_rebuild_and_source_loss PASSED [ 96%]
tests/test_cost_flow_evidence.py::test_existing_legacy_wsol_funding_sync_reaches_shared_quantities_and_fee_roles_parsed_and_compiled PASSED [ 96%]
tests/test_cost_flow_evidence.py::test_legacy_wsol_sync_dependency_loss_conflicts_wrong_reserve_and_authority_keep_fee_isolated PASSED [ 97%]
tests/test_cost_flow_evidence.py::test_nonzero_legacy_wsol_close_returns_principal_and_rent_once_with_loss_restoration PASSED [ 97%]
tests/test_cost_flow_evidence.py::test_mixed_original_cash_reconstruction_parsed_compiled_and_checked_transfer_gross_roles PASSED [ 97%]
tests/test_cost_flow_evidence.py::test_mixed_cash_required_loss_conflict_order_opaque_and_exact_restoration_isolate_fees PASSED [ 97%]
tests/test_cost_flow_evidence.py::test_foreign_canonical_native_peer_proves_refund_cash_without_acquisition_or_economic_role PASSED [ 97%]
tests/test_historical_reserve_marks.py::test_pinned_primary_vault_contract_and_genuine_exact_phase_prices PASSED [ 98%]
tests/test_historical_reserve_marks.py::test_required_alternative_loss_conflict_or_malformed_original_revokes_and_restores[missing] PASSED [ 98%]
tests/test_historical_reserve_marks.py::test_required_alternative_loss_conflict_or_malformed_original_revokes_and_restores[reserve-conflict] PASSED [ 98%]
tests/test_historical_reserve_marks.py::test_required_alternative_loss_conflict_or_malformed_original_revokes_and_restores[unsupported] PASSED [ 98%]
tests/test_historical_reserve_marks.py::test_required_alternative_loss_conflict_or_malformed_original_revokes_and_restores[malformed-index] PASSED [ 99%]
tests/test_historical_reserve_marks.py::test_required_alternative_loss_conflict_or_malformed_original_revokes_and_restores[wrong-vault-owner] PASSED [ 99%]
tests/test_historical_reserve_marks.py::test_network_fee_loss_is_independent_but_clock_or_original_byte_loss_is_required PASSED [ 99%]
tests/test_historical_reserve_marks.py::test_genuine_mixed_buy_retains_only_disjoint_reserve_marks_and_required_sources PASSED [ 99%]
tests/test_historical_reserve_marks.py::test_disjoint_admin_requires_exact_layout_and_all_pool_reference_roles PASSED [100%]

=================================== FAILURES ===================================
_ test_unaccepted_classification_valuation_sources_remain_dependencies_and_do_not_erase_fees _

    def test_unaccepted_classification_valuation_sources_remain_dependencies_and_do_not_erase_fees():
        raw = raw_exchange('buy', 100, START + 3600, 0, 100)
        sources = []
        for kind in ('classification', 'valuation'):
            payload = {'kind': kind, 'classification': 'meme', 'complete': True}
            sources.append({'hash': hashlib.sha256(canonical_bytes(payload)).hexdigest(), 'kind': kind, 'payload': payload})
        result = derive([raw], raw_sources=sources)
        assert result['components']['native_fee']['state'] == 'PASS'
>       assert sources[0]['hash'] in result['components']['classification']['evidence']
E       AssertionError: assert '2916e2a051b5aad3889b5fcf981d87da64b3f1eff1a71cb79bbc32725dc1637a' in ['3b881f91d955d605102bcd52d37585a8550b56fcc03126dcb35651de9e541350']

tests/test_wallet_evidence.py:376: AssertionError
___________ test_existing_archive_alternative_capacity_is_preserved ____________

tmp_path = PosixPath('/tmp/pytest-of-root/pytest-0/test_existing_archive_alternat0')

    def test_existing_archive_alternative_capacity_is_preserved(tmp_path):
        # One engineering case, not 10,001 tests or a wallet population witness.
        value = development_inputs()
        address = value['manifest']['address']
        at = int(utc(value['manifest']['window']['start']).timestamp())
        template = {'version': 0, 'slot': 1000, 'blockTime': at,
            'transaction': {'signatures': ['dev-bulk-fee'], 'message': {'accountKeys': [address], 'instructions': []}},
            'meta': {'err': None, 'fee': 5000, 'preBalances': [1000000000], 'postBalances': [999995000],
                     'preTokenBalances': [], 'postTokenBalances': [], 'innerInstructions': []}}
        payloads, refs = {}, []
        for variant in range(10_001):
            raw = {**template, 'development_variant': variant}
            digest = hashlib.sha256(canonical_bytes(raw)).hexdigest()
            payloads[digest] = raw
            refs.append({'signature': 'dev-bulk-fee', 'hash': digest})
        value = {'manifest': {'version': value['manifest']['version'], 'address': address,
            'window': value['manifest']['window'], 'dataset': 'real', 'transactions': refs[:1],
            'evidence': [{'kind': 'getTransaction', **row} for row in refs[1:]]}, 'payloads': payloads}
        store = Store(tmp_path)
        digest = import_archive(store, pack_bytes(value))
        loaded = load_archive(store, digest)
        events, _ = decode_archive(loaded)
>       result, _, coverage = analyze_archive(loaded, events)
                              ^^^^^^^^^^^^^^^^^^^^^^^^^^^^^^^

tests/test_real_evidence_adapter.py:311: 
_ _ _ _ _ _ _ _ _ _ _ _ _ _ _ _ _ _ _ _ _ _ _ _ _ _ _ _ _ _ _ _ _ _ _ _ _ _ _ _ 
scanner/archive_input.py:630: in analyze_archive
    adapter = derive_wallet_evidence(loaded['records'], all_records=loaded['all_records'],
scanner/wallet_evidence.py:1801: in derive_wallet_evidence
    classification_observations = project_asset_classification(selected=selected,
_ _ _ _ _ _ _ _ _ _ _ _ _ _ _ _ _ _ _ _ _ _ _ _ _ _ _ _ _ _ _ _ _ _ _ _ _ _ _ _ 

selected = {'dev-bulk-fee': {'signature': 'dev-bulk-fee', 'evidence_hash': 'b17bd2da399764676c7e8951ae924a62ba5945ee9776f8b1c42dc... 0, 'meta': {'err': None, 'fee': 5000, 'innerInstructions': [], 'postBalances': [999995000], ...}, 'slot': 1000, ...}}}
raw_versions = defaultdict(<class 'list'>, {'dev-bulk-fee': [{'signature': 'dev-bulk-fee', 'evidence_hash': '0024e5254d2ed8e7e769b701...'4vJ9JU1bJJE96FWSJKvHsmmFADCg4gpZQff4P3bkLKi'], 'instructions': []}, 'signatures': ['dev-bulk-fee']}, 'version': 0}}]})
transactions = {'dev-bulk-fee': {'signature': 'dev-bulk-fee', 'evidence': ['0024e5254d2ed8e7e769b701cce218f99b2c557c330e84853e855122c...d6', '00335fe698eac1bf335caab2fe46fb047cf9439ed858223c128f183f9b112af9', ...], 'boundaries': {}, 'lifecycle': [], ...}}
clocks = {'version': 'slot-chronology-evidence-v3', 'state': 'PASS', 'transactions': {'dev-bulk-fee': {'state': 'PASS', 'time_s...ots': {'1000': {'state': 'PASS', 'time_state': 'PASS', 'order_state': 'PASS', 'canonical_time': 1780272000, ...}}, ...}
consistency = {'version': 'source-consistency-v6', 'transactions': {'dev-bulk-fee': {'state': 'PASS', 'native_hashes': ['0024e5254d2...4821e8b8519be9577f885453cb53fd5a8d6d794691f7aff2ba309db3e0', 'state': 'UNKNOWN', 'read_state': 'readable', ...}]}, ...}
raw_sources = [{'kind': 'archive-native-dependencies', 'hash': 'c628464821e8b8519be9577f885453cb53fd5a8d6d794691f7aff2ba309db3e0', '...structions': [], 'postBalances': [999995000], ...}, 'slot': 1000, ...}, 'signature_hints': ['dev-bulk-fee'], ...}, ...]
wallet = '4vJ9JU1bJJE96FWSJKvHsmmFADCg4gpZQff4P3bkLKi'
window = {'end': '2026-07-01T00:00:00+00:00', 'start': '2026-06-01T00:00:00+00:00'}

    def project_asset_classification(*, selected, raw_versions, transactions, clocks, consistency,
                                     raw_sources, wallet, window):
        """Private normal-report projection over fresh shared source/clock receipts.
    
        No imported classifications, events, metadata labels or completion flags are
        read. Current mint snapshots are informational and never populate eligibility.
        """
        if not _valid_account(wallet):
            raise ValueError('Classification requires a public wallet address')
        start, end = utc(window['start']), utc(window['end'])
        if end <= start:
            raise ValueError('Classification requires a positive report interval')
        raw_sources = list(raw_sources)
        if len(raw_sources) > MAX_SOURCES:
>           raise ValueError('Classification source budget exceeded')
E           ValueError: Classification source budget exceeded

scanner/asset_classification.py:212: ValueError
=============================== warnings summary ===============================
.venv/lib/python3.12/site-packages/fastapi/testclient.py:1
  /home/runner/work/solana-wallet-scanner/solana-wallet-scanner/.venv/lib/python3.12/site-packages/fastapi/testclient.py:1: StarletteDeprecationWarning: Using `httpx` with `starlette.testclient` is deprecated; install `httpx2` instead.
    from starlette.testclient import TestClient as TestClient  # noqa

-- Docs: https://docs.pytest.org/en/stable/how-to/capture-warnings.html
============================= slowest 10 durations =============================
30.58s call     tests/test_real_evidence_adapter.py::test_existing_archive_alternative_capacity_is_preserved
10.67s call     tests/test_historical_reserve_marks.py::test_genuine_mixed_buy_retains_only_disjoint_reserve_marks_and_required_sources
8.12s call     tests/test_economic_evidence.py::test_retained_genuine_original_native_phase_is_known_without_complete_wallet_profit
3.58s call     tests/test_cost_flow_evidence.py::test_retained_genuine_compiled_account_creation_admits_exact_funding_without_completeness
3.37s call     tests/test_archive_fee_window.py::test_normal_api_rebuild_export_preserves_parent_and_restores_clock_dependency[real]
2.95s call     tests/test_archive_fee_window.py::test_normal_api_rebuild_export_preserves_parent_and_restores_clock_dependency[synthetic]
2.24s call     tests/test_historical_reserve_marks.py::test_disjoint_admin_requires_exact_layout_and_all_pool_reference_roles
2.17s call     tests/test_archive_fee_window.py::test_malformed_clock_page_normal_api_import_and_rebuild_remain_supported
1.97s call     tests/test_real_evidence_adapter.py::test_real_adapter_is_saved_exported_and_rebuilt_offline_without_parent_mutation[selected]
1.76s call     tests/test_real_evidence_adapter.py::test_real_adapter_is_saved_exported_and_rebuilt_offline_without_parent_mutation[classification]
=========================== short test summary info ============================
FAILED tests/test_wallet_evidence.py::test_unaccepted_classification_valuation_sources_remain_dependencies_and_do_not_erase_fees
FAILED tests/test_real_evidence_adapter.py::test_existing_archive_alternative_capacity_is_preserved
=== 2 failed, 438 passed, 1 warning, 21 subtests passed in 106.81s (0:01:46) ===
