/workspace/solana-wallet-scanner/.venv/lib/python3.12/site-packages/fastapi/testclient.py:1: StarletteDeprecationWarning: Using `httpx` with `starlette.testclient` is deprecated; install `httpx2` instead.
  from starlette.testclient import TestClient as TestClient  # noqa
START archive-import
END archive-import 17.886
START default-full-get
END default-full-get 2.08
START full-response-json-parse
END full-response-json-parse 0.91
START derived-proof-tree-profile
END derived-proof-tree-profile 17.35
START source-inspection-58a27d69
END source-inspection-58a27d69 0.013
START source-inspection-dc797aba
END source-inspection-dc797aba 0.013
START json-export
END json-export 5.794
START json-export-parse
END json-export-parse 1.094
START csv-export
END csv-export 1.382
START display-get
END display-get 1.474
START state-summary
END state-summary 0.673
START same-input-rebuild
END same-input-rebuild 19.586
START rebuilt-full-get
END rebuilt-full-get 2.307
FINAL BASELINE_PASS_REAL_ACCEPTANCE_BLOCKED
