/workspace/solana-wallet-scanner/.venv/lib/python3.12/site-packages/fastapi/testclient.py:1: StarletteDeprecationWarning: Using `httpx` with `starlette.testclient` is deprecated; install `httpx2` instead.
  from starlette.testclient import TestClient as TestClient  # noqa
START archive-import
END archive-import 7.633695
START report-display
END report-display 1.38202
START source-inspection-1
END source-inspection-1 0.013396
START source-inspection-2
END source-inspection-2 0.019851
START source-inspection-3
END source-inspection-3 0.001901
START source-inspection-4
END source-inspection-4 0.001362
START csv-export
END csv-export 1.246629
START report-default-full
END report-default-full 2.135921
START json-export
END json-export 5.595012
START state-summary
END state-summary 0.760365
START same-input-rebuild
END same-input-rebuild 9.374155
START child-display
END child-display 1.363139
FINAL OBSERVED
