.......................................................... [ 27%]
......................................F.... [ 48%]
........................................................................ [ 82%]
....................................                                     [100%]
=================================== FAILURES ===================================
_ CopyBehaviorTests.test_missing_first_sale_or_unknown_chronology_keeps_affected_diagnostics_unknown _

self = <test_copy_review.CopyBehaviorTests testMethod=test_missing_first_sale_or_unknown_chronology_keeps_affected_diagnostics_unknown>

    def test_missing_first_sale_or_unknown_chronology_keeps_affected_diagnostics_unknown(self):
        value = observed_report([episode(first=None)])
        value["research"]["conditional_rapid_sale_pct"] = "100"
        self.assertEqual(review_copy_behavior(value)["checks"]["rapid_first_sales"]["state"], "UNKNOWN")
        value = observed_report()
        value["research"]["chronology_unknown"] = True
        result = review_copy_behavior(value)
>       self.assertEqual(result["checks"]["rapid_first_sales"]["state"], "UNKNOWN")
E       AssertionError: 'OBSERVED' != 'UNKNOWN'
E       - OBSERVED
E       + UNKNOWN

tests/test_copy_review.py:210: AssertionError
=============================== warnings summary ===============================
.venv/lib/python3.12/site-packages/fastapi/testclient.py:1
  /workspace/solana-wallet-scanner/.venv/lib/python3.12/site-packages/fastapi/testclient.py:1: StarletteDeprecationWarning: Using `httpx` with `starlette.testclient` is deprecated; install `httpx2` instead.
    from starlette.testclient import TestClient as TestClient  # noqa

-- Docs: https://docs.pytest.org/en/stable/how-to/capture-warnings.html
=========================== short test summary info ============================
FAILED tests/test_copy_review.py::CopyBehaviorTests::test_missing_first_sale_or_unknown_chronology_keeps_affected_diagnostics_unknown
1 failed, 208 passed, 1 warning, 43 subtests passed in 16.30s
