........................................................................ [  2%]
........................................................................ [  5%]
........................................................................ [  7%]
........................................................................ [ 10%]
.......................................................... [ 12%]
.............................................................. [ 14%]
........................................................................ [ 17%]
........................................................................ [ 20%]
.............................................................................................................. [ 24%]
........................................................................ [ 26%]
................................................................................................... [ 30%]
................................................................... [ 32%]
........F............................................................... [ 35%]
........................................................................ [ 38%]
........................................................................ [ 40%]
.................................................. [ 42%]
.......................................................... [ 44%]
........................................................................ [ 47%]
........................................................................ [ 49%]
........................................................................ [ 52%]
........................................................................ [ 55%]
........................................................................ [ 57%]
...................................................... [ 59%]
..................................................................... [ 62%]
............................................................ [ 64%]
........................................................................ [ 67%]
........................................................................ [ 69%]
.......................................................... [ 71%]
........................................................................ [ 74%]
........................................................................ [ 77%]
........................................................................ [ 79%]
........................................................................ [ 82%]
........................................................................ [ 85%]
........................................................................ [ 87%]
........................................................................ [ 90%]
.................................................. [ 92%]
........................................................................ [ 94%]
........................................................................ [ 97%]
........................................................................ [ 99%]
.                                                                        [100%]
=================================== FAILURES ===================================
____ test_successful_swap_replacement_keeps_sibling_unresolved_native_flows ____

session = (<starlette.testclient.TestClient object at 0x7f6de9593020>, <fastapi.applications.FastAPI object at 0x7f6de959bfb0>, PosixPath('/tmp/pytest-of-agent/pytest-358/test_successful_swap_replaceme0/data'))
monkeypatch = <_pytest.monkeypatch.MonkeyPatch object at 0x7f6deafde270>

    def test_successful_swap_replacement_keeps_sibling_unresolved_native_flows(session, monkeypatch):
        import scanner.collector as collector
        client, app, _ = session
        path = Path(__file__).parent / "fixtures" / "mainnet-pumpswap-buy-exact-quote.json"
        entry = json.loads(path.read_text())
        wallet = "4drEkXDZhjun3vjZmz1g7pQGM7kxANQbDuD9jtPZwzJZ"
        now = datetime.now(timezone.utc)
        # Exercise app window selection with the independently checked fixture's
        # structure, keeping this offline orchestration regression independent of age.
        entry["raw"]["blockTime"] = int((now - timedelta(days=1)).timestamp())
        entry["evidence_hash"] = app.state.store.archive(entry["raw"])
        for balance in entry["raw"]["meta"]["postTokenBalances"]:
            if balance.get("owner") == wallet:
                cache_mint(app.state.store, balance["mint"], None, now.isoformat())
    
        async def observed_swap_with_extra_flows(gateway, store, address, start, end, limits, **options):
            return {"transactions": [deepcopy(entry)], "coverage": {"status": "partial", "history_scope_complete": False},
                    "evidence": [{"hash": entry["evidence_hash"], "kind": "transaction"}]}
        monkeypatch.setattr(collector, "collect_wallet", observed_swap_with_extra_flows)
        assert client.post("/api/provider/key", json={"api_key": TEST_KEY}).status_code == 200
        cohort = save_cohort(app.state.store, [candidate(wallet)])
        response = client.post(f"/api/discovery/{cohort}/audit", json={})
        assert response.status_code == 200
        assert wait_record(client, "scans", response.json()["scan_id"])["status"] == "completed"
        report = client.get("/api/state").json()["reports"][0]
        buys = [event for event in report["events"] if event["kind"] == "buy"]
        assert len(buys) == 1 and buys[0]["amount_sol"] == "0.25"
        assert [event["amount_sol"] for event in report["events"] if event["kind"] == "capital"] == ["0.0025", "0.001"]
>       assert len([event for event in report["events"] if event["kind"] == "unsupported"]) == 2
E       assert 0 == 2
E        +  where 0 = len([])

tests/test_discovery_integration_review.py:451: AssertionError
=============================== warnings summary ===============================
.venv/lib/python3.12/site-packages/fastapi/testclient.py:1
  /workspace/solana-wallet-scanner/.venv/lib/python3.12/site-packages/fastapi/testclient.py:1: StarletteDeprecationWarning: Using `httpx` with `starlette.testclient` is deprecated; install `httpx2` instead.
    from starlette.testclient import TestClient as TestClient  # noqa

-- Docs: https://docs.pytest.org/en/stable/how-to/capture-warnings.html
=========================== short test summary info ============================
FAILED tests/test_discovery_integration_review.py::test_successful_swap_replacement_keeps_sibling_unresolved_native_flows
1 failed, 2739 passed, 1 warning, 285 subtests passed in 437.59s (0:07:17)
