........................................................................ [  2%]
........................................................................ [  5%]
........................................................................ [  7%]
........................................................................ [ 10%]
.......................................................... [ 12%]
.............................................................. [ 14%]
........................................................................ [ 17%]
........................................................................ [ 19%]
.............................................................................................................. [ 23%]
........................................................................ [ 26%]
................................................................................................... [ 29%]
................................................................... [ 32%]
........................................................................ [ 34%]
........................................................................ [ 37%]
........................................................................ [ 40%]
............................................................................................................ [ 44%]
........................................................................ [ 46%]
........................................................................ [ 49%]
........................................................................ [ 51%]
........................................................................ [ 54%]
........................................................................ [ 56%]
........................................................................................................................... [ 61%]
................................. [ 62%]
................................................................................................... [ 66%]
........................................................................ [ 68%]
.......................................................... [ 70%]
........................................................................ [ 73%]
........................................................................ [ 76%]
........................................................................ [ 78%]
........................................................................ [ 81%]
........................................................................ [ 83%]
........................................................................ [ 86%]
........................................................................ [ 88%]
.......................................................................................................................... [ 93%]
........................................................................ [ 95%]
........................................................................ [ 98%]
........................................                                 [100%]
=============================== warnings summary ===============================
.venv/lib/python3.12/site-packages/fastapi/testclient.py:1
  /workspace/solana-wallet-scanner/.venv/lib/python3.12/site-packages/fastapi/testclient.py:1: StarletteDeprecationWarning: Using `httpx` with `starlette.testclient` is deprecated; install `httpx2` instead.
    from starlette.testclient import TestClient as TestClient  # noqa

-- Docs: https://docs.pytest.org/en/stable/how-to/capture-warnings.html
2779 passed, 1 warning, 285 subtests passed in 441.02s (0:07:21)
