/workspace/solana-wallet-scanner/.venv/lib/python3.12/site-packages/fastapi/testclient.py:1: StarletteDeprecationWarning: Using `httpx` with `starlette.testclient` is deprecated; install `httpx2` instead.
  from starlette.testclient import TestClient as TestClient  # noqa
START archive-import
END archive-import 3.660765
START report-display
END report-display 0.474364
START source-inspection-1
END source-inspection-1 0.002032
START source-inspection-2
END source-inspection-2 0.010426
START source-inspection-3
END source-inspection-3 0.001853
START source-inspection-4
END source-inspection-4 0.001397
START csv-export
END csv-export 0.376445
START report-default-full
END report-default-full 0.703573
START json-export
END json-export 1.802301
START state-summary
END state-summary 0.216625
START same-input-rebuild
END same-input-rebuild 4.299257
START child-display
END child-display 0.444026
FINAL OBSERVED
