F                                                                        [100%]
=================================== FAILURES ===================================
_ test_normal_indexed_import_source_inspection_exports_and_immutable_offline_rebuild _

guarded = (<starlette.testclient.TestClient object at 0x7f019af18560>, <fastapi.applications.FastAPI object at 0x7f0199de7680>, ...mp/pytest-of-agent/pytest-268/test_normal_indexed_import_sou0/data'), {'provider': 0, 'credential': 0, 'transport': 0})

    def test_normal_indexed_import_source_inspection_exports_and_immutable_offline_rebuild(guarded):
        client, app, _, _ = guarded
        request, response = page()
        _, _, content = upload([(request, response)])
        report = import_report(client, content)
        parent = deepcopy(app.state.store.get('reports', report['id']))
        assert_partial(report)
>       assert fee(report)['status'] == 'known' and fee(report)['value'] == '0.000005'
E       AssertionError: assert ('unknown' == 'known'
E         
E         - known
E         + unknown
E         ? ++)

tests/test_indexed_report_integration.py:106: AssertionError
=============================== warnings summary ===============================
.venv/lib/python3.12/site-packages/fastapi/testclient.py:1
  /workspace/solana-wallet-scanner/.venv/lib/python3.12/site-packages/fastapi/testclient.py:1: StarletteDeprecationWarning: Using `httpx` with `starlette.testclient` is deprecated; install `httpx2` instead.
    from starlette.testclient import TestClient as TestClient  # noqa

-- Docs: https://docs.pytest.org/en/stable/how-to/capture-warnings.html
=========================== short test summary info ============================
FAILED tests/test_indexed_report_integration.py::test_normal_indexed_import_source_inspection_exports_and_immutable_offline_rebuild
1 failed, 1 warning in 0.35s
