......F.............................................................F... [ 57%]
.............................FFF................... [ 97%]
...                                                                      [100%]
=================================== FAILURES ===================================
_ test_duplicates_and_reference_permutation_do_not_count_trades_or_fees_twice __

tmp_path = PosixPath('/tmp/pytest-of-agent/pytest-241/test_duplicates_and_reference_0')

    def test_duplicates_and_reference_permutation_do_not_count_trades_or_fees_twice(tmp_path):
        value = bundle(); store = Store(tmp_path); original, _, _ = derive(store, value)
        value['manifest']['transactions'] = list(reversed(value['manifest']['transactions'] * 2))
        duplicate, _, _ = derive(store, value)
>       assert duplicate['metrics'] == original['metrics'] and duplicate['positions'] == original['positions']
E       AssertionError: assert ({'profit_sol'...)', ...}, ...} == {'profit_sol'...)', ...}, ...}
E         
E         Omitting 14 identical items, use -vv to show
E         Differing items:
E         {'observed_network_fees_sol': {'value': '0.000055', 'status': 'known', 'unit': 'SOL', 'population': 'Selected in-window records with an independently supported wallet fee payer; not all interval costs', ...}} != {'observed_network_fees_sol': {'value': '0.000055', 'status': 'known', 'unit': 'SOL', 'population': 'Selected in-window records with an independently supported wallet fee payer; not all interval costs', ...}}
E         Use -v to get more diff)

tests/test_archive_input.py:97: AssertionError
__ test_permutations_and_redundant_clock_links_do_not_change_metric_semantics __

tmp_path = PosixPath('/tmp/pytest-of-agent/pytest-241/test_permutations_and_redundan0')

    def test_permutations_and_redundant_clock_links_do_not_change_metric_semantics(tmp_path):
        value = bundle()
        source(value, 'signature-page', END)
        source(value, 'block-order', END - 1)
        store = Store(tmp_path)
        first, _, _ = derive(store, value)
        value['manifest']['transactions'].reverse()
        value['manifest']['evidence'] = list(reversed(value['manifest']['evidence'] * 2))
        second, _, _ = derive(store, value)
>       assert first['metrics'] == second['metrics']
E       AssertionError: assert {'profit_sol'...)', ...}, ...} == {'profit_sol'...)', ...}, ...}
E         
E         Omitting 14 identical items, use -vv to show
E         Differing items:
E         {'observed_network_fees_sol': {'value': None, 'status': 'unknown', 'unit': 'SOL', 'population': 'Selected in-window records with an independently supported wallet fee payer; not all interval costs', ...}} != {'observed_network_fees_sol': {'value': None, 'status': 'unknown', 'unit': 'SOL', 'population': 'Selected in-window records with an independently supported wallet fee payer; not all interval costs', ...}}
E         Use -v to get more diff

tests/test_archive_fee_window.py:216: AssertionError
_ test_real_adapter_is_saved_exported_and_rebuilt_offline_without_parent_mutation[selected] _

obj = <class 'scanner.config.Credentials'>, name = '_load'
ann = 'scanner.config.Credentials'

    def annotated_getattr(obj: object, name: str, ann: str) -> object:
        try:
>           obj = getattr(obj, name)
                  ^^^^^^^^^^^^^^^^^^
E           AttributeError: type object 'Credentials' has no attribute '_load'

.venv/lib/python3.12/site-packages/_pytest/monkeypatch.py:95: AttributeError

The above exception was the direct cause of the following exception:

tmp_path = PosixPath('/tmp/pytest-of-agent/pytest-241/test_real_adapter_is_saved_exp0')
monkeypatch = <_pytest.monkeypatch.MonkeyPatch object at 0x7f561a514fb0>
loss = 'selected'

    @pytest.mark.parametrize('loss', ['selected', 'classification', 'valuation'])
    def test_real_adapter_is_saved_exported_and_rebuilt_offline_without_parent_mutation(tmp_path, monkeypatch, loss):
        calls = {'provider': 0, 'credentials': 0}
        def denied(*args, **kwargs):
            calls['provider'] += 1
            raise AssertionError('Provider dispatch during offline adapter workflow')
        def credential_lookup(*args, **kwargs):
            calls['credentials'] += 1
            raise AssertionError('Credential lookup during offline adapter workflow')
        monkeypatch.setattr(application, 'Credentials', lambda _: SimpleNamespace(key=None, storage='none', backend=None))
        monkeypatch.setattr(httpx.AsyncClient, 'request', denied)
>       monkeypatch.setattr('scanner.config.Credentials._load', credential_lookup)

tests/test_real_evidence_adapter.py:62: 
_ _ _ _ _ _ _ _ _ _ _ _ _ _ _ _ _ _ _ _ _ _ _ _ _ _ _ _ _ _ _ _ _ _ _ _ _ _ _ _ 
.venv/lib/python3.12/site-packages/_pytest/monkeypatch.py:109: in derive_importpath
    annotated_getattr(target, attr, ann=module)
_ _ _ _ _ _ _ _ _ _ _ _ _ _ _ _ _ _ _ _ _ _ _ _ _ _ _ _ _ _ _ _ _ _ _ _ _ _ _ _ 

obj = <class 'scanner.config.Credentials'>, name = '_load'
ann = 'scanner.config.Credentials'

    def annotated_getattr(obj: object, name: str, ann: str) -> object:
        try:
            obj = getattr(obj, name)
        except AttributeError as e:
>           raise AttributeError(
                f"{type(obj).__name__!r} object at {ann} has no attribute {name!r}"
            ) from e
E           AttributeError: 'type' object at scanner.config.Credentials has no attribute '_load'

.venv/lib/python3.12/site-packages/_pytest/monkeypatch.py:97: AttributeError
_ test_real_adapter_is_saved_exported_and_rebuilt_offline_without_parent_mutation[classification] _

obj = <class 'scanner.config.Credentials'>, name = '_load'
ann = 'scanner.config.Credentials'

    def annotated_getattr(obj: object, name: str, ann: str) -> object:
        try:
>           obj = getattr(obj, name)
                  ^^^^^^^^^^^^^^^^^^
E           AttributeError: type object 'Credentials' has no attribute '_load'

.venv/lib/python3.12/site-packages/_pytest/monkeypatch.py:95: AttributeError

The above exception was the direct cause of the following exception:

tmp_path = PosixPath('/tmp/pytest-of-agent/pytest-241/test_real_adapter_is_saved_exp1')
monkeypatch = <_pytest.monkeypatch.MonkeyPatch object at 0x7f56198fc170>
loss = 'classification'

    @pytest.mark.parametrize('loss', ['selected', 'classification', 'valuation'])
    def test_real_adapter_is_saved_exported_and_rebuilt_offline_without_parent_mutation(tmp_path, monkeypatch, loss):
        calls = {'provider': 0, 'credentials': 0}
        def denied(*args, **kwargs):
            calls['provider'] += 1
            raise AssertionError('Provider dispatch during offline adapter workflow')
        def credential_lookup(*args, **kwargs):
            calls['credentials'] += 1
            raise AssertionError('Credential lookup during offline adapter workflow')
        monkeypatch.setattr(application, 'Credentials', lambda _: SimpleNamespace(key=None, storage='none', backend=None))
        monkeypatch.setattr(httpx.AsyncClient, 'request', denied)
>       monkeypatch.setattr('scanner.config.Credentials._load', credential_lookup)

tests/test_real_evidence_adapter.py:62: 
_ _ _ _ _ _ _ _ _ _ _ _ _ _ _ _ _ _ _ _ _ _ _ _ _ _ _ _ _ _ _ _ _ _ _ _ _ _ _ _ 
.venv/lib/python3.12/site-packages/_pytest/monkeypatch.py:109: in derive_importpath
    annotated_getattr(target, attr, ann=module)
_ _ _ _ _ _ _ _ _ _ _ _ _ _ _ _ _ _ _ _ _ _ _ _ _ _ _ _ _ _ _ _ _ _ _ _ _ _ _ _ 

obj = <class 'scanner.config.Credentials'>, name = '_load'
ann = 'scanner.config.Credentials'

    def annotated_getattr(obj: object, name: str, ann: str) -> object:
        try:
            obj = getattr(obj, name)
        except AttributeError as e:
>           raise AttributeError(
                f"{type(obj).__name__!r} object at {ann} has no attribute {name!r}"
            ) from e
E           AttributeError: 'type' object at scanner.config.Credentials has no attribute '_load'

.venv/lib/python3.12/site-packages/_pytest/monkeypatch.py:97: AttributeError
_ test_real_adapter_is_saved_exported_and_rebuilt_offline_without_parent_mutation[valuation] _

obj = <class 'scanner.config.Credentials'>, name = '_load'
ann = 'scanner.config.Credentials'

    def annotated_getattr(obj: object, name: str, ann: str) -> object:
        try:
>           obj = getattr(obj, name)
                  ^^^^^^^^^^^^^^^^^^
E           AttributeError: type object 'Credentials' has no attribute '_load'

.venv/lib/python3.12/site-packages/_pytest/monkeypatch.py:95: AttributeError

The above exception was the direct cause of the following exception:

tmp_path = PosixPath('/tmp/pytest-of-agent/pytest-241/test_real_adapter_is_saved_exp2')
monkeypatch = <_pytest.monkeypatch.MonkeyPatch object at 0x7f561a3e4740>
loss = 'valuation'

    @pytest.mark.parametrize('loss', ['selected', 'classification', 'valuation'])
    def test_real_adapter_is_saved_exported_and_rebuilt_offline_without_parent_mutation(tmp_path, monkeypatch, loss):
        calls = {'provider': 0, 'credentials': 0}
        def denied(*args, **kwargs):
            calls['provider'] += 1
            raise AssertionError('Provider dispatch during offline adapter workflow')
        def credential_lookup(*args, **kwargs):
            calls['credentials'] += 1
            raise AssertionError('Credential lookup during offline adapter workflow')
        monkeypatch.setattr(application, 'Credentials', lambda _: SimpleNamespace(key=None, storage='none', backend=None))
        monkeypatch.setattr(httpx.AsyncClient, 'request', denied)
>       monkeypatch.setattr('scanner.config.Credentials._load', credential_lookup)

tests/test_real_evidence_adapter.py:62: 
_ _ _ _ _ _ _ _ _ _ _ _ _ _ _ _ _ _ _ _ _ _ _ _ _ _ _ _ _ _ _ _ _ _ _ _ _ _ _ _ 
.venv/lib/python3.12/site-packages/_pytest/monkeypatch.py:109: in derive_importpath
    annotated_getattr(target, attr, ann=module)
_ _ _ _ _ _ _ _ _ _ _ _ _ _ _ _ _ _ _ _ _ _ _ _ _ _ _ _ _ _ _ _ _ _ _ _ _ _ _ _ 

obj = <class 'scanner.config.Credentials'>, name = '_load'
ann = 'scanner.config.Credentials'

    def annotated_getattr(obj: object, name: str, ann: str) -> object:
        try:
            obj = getattr(obj, name)
        except AttributeError as e:
>           raise AttributeError(
                f"{type(obj).__name__!r} object at {ann} has no attribute {name!r}"
            ) from e
E           AttributeError: 'type' object at scanner.config.Credentials has no attribute '_load'

.venv/lib/python3.12/site-packages/_pytest/monkeypatch.py:97: AttributeError
=============================== warnings summary ===============================
.venv/lib/python3.12/site-packages/fastapi/testclient.py:1
  /workspace/solana-wallet-scanner/.venv/lib/python3.12/site-packages/fastapi/testclient.py:1: StarletteDeprecationWarning: Using `httpx` with `starlette.testclient` is deprecated; install `httpx2` instead.
    from starlette.testclient import TestClient as TestClient  # noqa

-- Docs: https://docs.pytest.org/en/stable/how-to/capture-warnings.html
=========================== short test summary info ============================
FAILED tests/test_archive_input.py::test_duplicates_and_reference_permutation_do_not_count_trades_or_fees_twice
FAILED tests/test_archive_fee_window.py::test_permutations_and_redundant_clock_links_do_not_change_metric_semantics
FAILED tests/test_real_evidence_adapter.py::test_real_adapter_is_saved_exported_and_rebuilt_offline_without_parent_mutation[selected]
FAILED tests/test_real_evidence_adapter.py::test_real_adapter_is_saved_exported_and_rebuilt_offline_without_parent_mutation[classification]
FAILED tests/test_real_evidence_adapter.py::test_real_adapter_is_saved_exported_and_rebuilt_offline_without_parent_mutation[valuation]
5 failed, 121 passed, 1 warning, 21 subtests passed in 9.19s
