........................................................................ [  2%]
........................................................................ [  4%]
........................................................................ [  7%]
........................................................................ [  9%]
.......................................................... [ 11%]
................................................... [ 13%]
........................................................................ [ 15%]
........................................................................ [ 17%]
.............................................................................................................. [ 21%]
........................................................................ [ 24%]
........................................................................ [ 26%]
.............................................................................................. [ 29%]
........................................................................ [ 31%]
........................................................................ [ 34%]
........................................................................ [ 36%]
........................................................................ [ 39%]
.................................... [ 40%]
........................................................................ [ 42%]
........................................................................ [ 45%]
........................................................................ [ 47%]
........................................................................ [ 49%]
........................................................................ [ 52%]
........................................................................ [ 54%]
................................................... [ 56%]
.......................................................... [ 58%]
.................................................................................................................................................. [ 63%]
........................................................................ [ 65%]
.......................................................... [ 67%]
........................................................................ [ 69%]
........................................................................ [ 72%]
........................................................................ [ 74%]
........................................................................ [ 77%]
........................................................................ [ 79%]
........................................................................ [ 81%]
........................................................................ [ 84%]
........................................................................ [ 86%]
.................................................. [ 88%]
........................................................................ [ 90%]
........................................................................ [ 93%]
........................................................................ [ 95%]
........................................................................ [ 97%]
...............................................................          [100%]
=============================== warnings summary ===============================
.venv/lib/python3.12/site-packages/fastapi/testclient.py:1
  /workspace/solana-wallet-scanner/.venv/lib/python3.12/site-packages/fastapi/testclient.py:1: StarletteDeprecationWarning: Using `httpx` with `starlette.testclient` is deprecated; install `httpx2` instead.
    from starlette.testclient import TestClient as TestClient  # noqa

-- Docs: https://docs.pytest.org/en/stable/how-to/capture-warnings.html
3007 passed, 1 warning, 440 subtests passed in 491.47s (0:08:11)
