........................................................................ [  3%]
........................................................................ [  6%]
........................................................................ [  9%]
........................................................................ [ 12%]
.......................................................... [ 14%]
.............................................................. [ 17%]
........................................................................ [ 20%]
.............................................................................................................. [ 25%]
........................................................................ [ 28%]
......................................... [ 30%]
..................................................... [ 32%]
........................................................................ [ 35%]
.................................... [ 37%]
........................................................................ [ 40%]
........................................................................ [ 43%]
........................................................................ [ 46%]
........................................................................ [ 49%]
........................................................................ [ 52%]
........................................................................ [ 56%]
................................................... [ 58%]
............................................... [ 60%]
................................ [ 61%]
..................................................... [ 63%]
.......................................................... [ 66%]
........................................................................ [ 69%]
........................................................................ [ 72%]
........................................................................ [ 75%]
........................................................................ [ 78%]
........................................................................ [ 82%]
........................................................................ [ 85%]
........................................................................ [ 88%]
.................................................. [ 90%]
........................................................................ [ 93%]
........................................................................ [ 96%]
........................................................................ [ 99%]
....                                                                     [100%]
=============================== warnings summary ===============================
.venv/lib/python3.12/site-packages/fastapi/testclient.py:1
  /workspace/solana-wallet-scanner/.venv/lib/python3.12/site-packages/fastapi/testclient.py:1: StarletteDeprecationWarning: Using `httpx` with `starlette.testclient` is deprecated; install `httpx2` instead.
    from starlette.testclient import TestClient as TestClient  # noqa

-- Docs: https://docs.pytest.org/en/stable/how-to/capture-warnings.html
2311 passed, 1 warning, 285 subtests passed in 337.31s (0:05:37)
