/workspace/solana-wallet-scanner/.venv/lib/python3.12/site-packages/fastapi/testclient.py:1: StarletteDeprecationWarning: Using `httpx` with `starlette.testclient` is deprecated; install `httpx2` instead.
  from starlette.testclient import TestClient as TestClient  # noqa
START archive-import
END archive-import 19.963
START default-full-get
END default-full-get 9.055
START full-response-json-parse
END full-response-json-parse 0.924
START derived-proof-tree-profile
END derived-proof-tree-profile 17.141
START source-inspection-58a27d69
END source-inspection-58a27d69 0.013
START source-inspection-dc797aba
END source-inspection-dc797aba 0.012
START json-export
END json-export 6.476
START json-export-parse
END json-export-parse 1.062
START csv-export
END csv-export 1.27
START display-get
END display-get 1.901
START state-summary
END state-summary 0.611
START same-input-rebuild
END same-input-rebuild 20.431
START rebuilt-full-get
END rebuilt-full-get 8.775
FINAL BASELINE_PASS_REAL_ACCEPTANCE_BLOCKED
