........................................................................ [  3%]
........................................................................ [  7%]
........................................................................ [ 10%]
........................................................................ [ 14%]
.......................................................... [ 17%]
.............................................................. [ 20%]
........................................................................ [ 23%]
.................................................................................................................................... [ 30%]
........................................................................ [ 34%]
............................................................................................................ [ 39%]
........................................................................ [ 43%]
........................................................................ [ 46%]
........................................................................ [ 50%]
................................................... [ 52%]
.................................................................... [ 56%]
................................................................ [ 59%]
.......................................................... [ 62%]
........................................................................ [ 65%]
........................................................................ [ 69%]
........................................................................ [ 72%]
........................................................................ [ 76%]
...................