........................................................................ [  3%]
........................................................................ [  6%]
........................................................................ [  9%]
........................................................................ [ 12%]
.......................................................... [ 15%]
.............................................................. [ 17%]
........................................................................ [ 20%]
.............................................................................................................. [ 25%]
........................................................................ [ 28%]
......................................... [ 30%]
..................................................... [ 32%]
........................................................................ [ 36%]
.................................... [ 37%]
........................................................................ [ 40%]
........................................................................ [ 43%]
........................................................................ [ 47%]
........................................................................ [ 50%]
........................................................................ [ 53%]
........................................................................ [ 56%]
................................................... [ 58%]
............................................... [ 60%]
................................ [ 62%]
..................................................... [ 64%]
.......................................................... [ 66%]
........................................................................ [ 70%]
........................................................................ [ 73%]
........................................................................ [ 76%]
........................................................................ [ 79%]
........................................................................ [ 82%]
........................................................................ [ 85%]
.......................................................................................................................... [ 91%]
........................................................................ [ 94%]
........................................................................ [ 97%]
.............................................................            [100%]
=============================== warnings summary ===============================
.venv/lib/python3.12/site-packages/fastapi/testclient.py:1
  /workspace/solana-wallet-scanner/.venv/lib/python3.12/site-packages/fastapi/testclient.py:1: StarletteDeprecationWarning: Using `httpx` with `starlette.testclient` is deprecated; install `httpx2` instead.
    from starlette.testclient import TestClient as TestClient  # noqa

-- Docs: https://docs.pytest.org/en/stable/how-to/capture-warnings.html
2296 passed, 1 warning, 285 subtests passed in 341.87s (0:05:41)
