/workspace/solana-wallet-scanner/.venv/lib/python3.12/site-packages/fastapi/testclient.py:1: StarletteDeprecationWarning: Using `httpx` with `starlette.testclient` is deprecated; install `httpx2` instead.
  from starlette.testclient import TestClient as TestClient  # noqa
START archive-import
END archive-import 7.508658
START report-display
END report-display 1.359209
START source-inspection-1
END source-inspection-1 0.013368
START source-inspection-2
END source-inspection-2 0.012428
START source-inspection-3
END source-inspection-3 0.001542
START source-inspection-4
END source-inspection-4 0.001148
START csv-export
END csv-export 1.21295
START report-default-full
END report-default-full 2.078258
START json-export
END json-export 5.982495
START state-summary
END state-summary 0.782782
START same-input-rebuild
END same-input-rebuild 9.341868
START child-display
END child-display 1.410143
FINAL OBSERVED
