...F...........................F.                                        [100%]
=================================== FAILURES ===================================
_ test_required_program_failures_revoke_that_component_preserve_independent_native_and_restore[corrupt-wrapper] _
tests/test_inventory_evidence.py:175: in test_required_program_failures_revoke_that_component_preserve_independent_native_and_restore
    assert result['token_programs'][TOKEN_PROGRAM]['state'] == 'PASS'
E   AssertionError: assert 'UNKNOWN' == 'PASS'
E     
E     - PASS
E     + UNKNOWN
_ test_normal_genuine_archive_inspection_exports_immutable_rebuild_loss_and_restoration _
tests/test_inventory_evidence.py:304: in test_normal_genuine_archive_inspection_exports_immutable_rebuild_loss_and_restoration
    assert inventory['components']['token_programs'][TOKEN_2022_PROGRAM]['state'] == 'PASS'
E   AssertionError: assert 'UNKNOWN' == 'PASS'
E     
E     - PASS
E     + UNKNOWN
=============================== warnings summary ===============================
.venv/lib/python3.12/site-packages/fastapi/testclient.py:1
  /workspace/solana-wallet-scanner/.venv/lib/python3.12/site-packages/fastapi/testclient.py:1: StarletteDeprecationWarning: Using `httpx` with `starlette.testclient` is deprecated; install `httpx2` instead.
    from starlette.testclient import TestClient as TestClient  # noqa

-- Docs: https://docs.pytest.org/en/stable/how-to/capture-warnings.html
=========================== short test summary info ============================
FAILED tests/test_inventory_evidence.py::test_required_program_failures_revoke_that_component_preserve_independent_native_and_restore[corrupt-wrapper]
FAILED tests/test_inventory_evidence.py::test_normal_genuine_archive_inspection_exports_immutable_rebuild_loss_and_restoration
2 failed, 31 passed, 1 warning in 0.55s
