...............................F.                                        [100%]
=================================== FAILURES ===================================
_ test_normal_genuine_archive_inspection_exports_immutable_rebuild_loss_and_restoration _
tests/test_inventory_evidence.py:308: in test_normal_genuine_archive_inspection_exports_immutable_rebuild_loss_and_restoration
    assert fee == {'status': 'known', 'value': '0.000058918', 'reasons': []}
E   AssertionError: assert {'value': '0....l costs', ...} == {'status': 'k...'reasons': []}
E     
E     Omitting 2 identical items, use -vv to show
E     Left contains 5 more items:
E     {'evidence': ['0d5faf8ec710db5fa2d2f674ed90cb9d9830760b8a3af2b430a06950522451b9'],
E      'evidence_decision': {'checks': {'fee_window': {'evidence': ['0d5faf8ec710db5fa2d2f674ed90cb9d9830760b8a3af2b430a06950522451b9'],
E                                                      'reason': None,
E                                                      'scope': 'Selected '...
E     
E     ...Full output truncated (60 lines hidden), use '-vv' to show
=============================== warnings summary ===============================
.venv/lib/python3.12/site-packages/fastapi/testclient.py:1
  /workspace/solana-wallet-scanner/.venv/lib/python3.12/site-packages/fastapi/testclient.py:1: StarletteDeprecationWarning: Using `httpx` with `starlette.testclient` is deprecated; install `httpx2` instead.
    from starlette.testclient import TestClient as TestClient  # noqa

-- Docs: https://docs.pytest.org/en/stable/how-to/capture-warnings.html
=========================== short test summary info ============================
FAILED tests/test_inventory_evidence.py::test_normal_genuine_archive_inspection_exports_immutable_rebuild_loss_and_restoration
1 failed, 32 passed, 1 warning in 0.65s
