........................................................................ [  3%]
........................................................................ [  7%]
........................................................................ [ 10%]
........................................................................ [ 14%]
.......................................................... [ 16%]
.............................................................. [ 19%]
........................................................................ [ 23%]
.................................................................................................................................... [ 29%]
........................................................................ [ 33%]
............................................................................................................ [ 38%]
........................................................................ [ 42%]
........................................................................ [ 45%]
........................................................................ [ 49%]
................................................... [ 51%]
.................................................................... [ 55%]
................................................................ [ 58%]
................................................................ [ 61%]
.................................................................. [ 64%]
........................................................................ [ 68%]
........................................................................ [ 71%]
........................................................................ [ 75%]
........................................................................ [ 78%]
........................................................................ [ 82%]
........................................................................ [ 85%]
.................................................. [ 88%]
........................................................................ [ 91%]
........................................................................ [ 95%]
........................................................................ [ 98%]
.........................                                                [100%]
=============================== warnings summary ===============================
.venv/lib/python3.12/site-packages/fastapi/testclient.py:1
  /workspace/solana-wallet-scanner/.venv/lib/python3.12/site-packages/fastapi/testclient.py:1: StarletteDeprecationWarning: Using `httpx` with `starlette.testclient` is deprecated; install `httpx2` instead.
    from starlette.testclient import TestClient as TestClient  # noqa

-- Docs: https://docs.pytest.org/en/stable/how-to/capture-warnings.html
2044 passed, 1 warning, 285 subtests passed in 252.85s (0:04:12)
