F                                                                        [100%]
=================================== FAILURES ===================================
_ test_native_selector_union_is_bounded_before_archiving_and_replays_at_exact_cap _

tmp_path = PosixPath('/tmp/pytest-of-agent/pytest-495/test_native_selector_union_is_0')
monkeypatch = <_pytest.monkeypatch.MonkeyPatch object at 0x7fadc2a5ed50>

    def test_native_selector_union_is_bounded_before_archiving_and_replays_at_exact_cap(tmp_path, monkeypatch):
        import scanner.app as application
        from scanner.storage import Store, EvidenceError
        from scanner.report_rebuild import freeze_report_inputs
        import scanner.source_consistency as consistency
        store = Store(tmp_path / 'bounded-native')
        request = json.dumps({'jsonrpc': '2.0', 'id': 8, 'method': 'getBalance',
                              'params': [WALLET, {'commitment': 'finalized'}]}).encode()
        result = {'context': {'slot': 100}, 'value': 1000000}
        response = json.dumps({'jsonrpc': '2.0', 'id': 8, 'result': result}).encode()
        payload = native_inventory_source(request, response, method='getBalance', result=result, address=WALLET)
        digest = store.archive(payload)
        refs = [{'kind': 'native-balance', 'hash': digest}]
        collected = {'transactions': [], 'evidence': refs, 'checkpoint': {'evidence': refs}}
        before = {path.name: path.read_bytes() for path in (store.path / 'evidence').iterdir()}
        monkeypatch.setattr(consistency, 'SOURCE_HASH_LIMIT', 1)
>       with pytest.raises(EvidenceError, match='inventory.*budget'):
             ^^^^^^^^^^^^^^^^^^^^^^^^^^^^^^^^^^^^^^^^^^^^^^^^^^^^^^^
E       Failed: DID NOT RAISE EvidenceError

tests/test_native_inventory_capture.py:94: Failed
=============================== warnings summary ===============================
.venv/lib/python3.12/site-packages/fastapi/testclient.py:1
  /workspace/solana-wallet-scanner/.venv/lib/python3.12/site-packages/fastapi/testclient.py:1: StarletteDeprecationWarning: Using `httpx` with `starlette.testclient` is deprecated; install `httpx2` instead.
    from starlette.testclient import TestClient as TestClient  # noqa

-- Docs: https://docs.pytest.org/en/stable/how-to/capture-warnings.html
=========================== short test summary info ============================
FAILED tests/test_native_inventory_capture.py::test_native_selector_union_is_bounded_before_archiving_and_replays_at_exact_cap
1 failed, 1 warning in 0.32s
