....................................F...................................................................................... [ 78%]
..................................                                       [100%]
=================================== FAILURES ===================================
_ test_real_adapter_partial_interval_with_null_passing_population_reason_stays_structured _

tmp_path = PosixPath('/tmp/pytest-of-agent/pytest-402/test_real_adapter_partial_inte0')
monkeypatch = <_pytest.monkeypatch.MonkeyPatch object at 0x7f8ea99329c0>

    def test_real_adapter_partial_interval_with_null_passing_population_reason_stays_structured(tmp_path, monkeypatch):
        from scanner.archive_input import (VERSION, canonical_bytes, pack_bytes,
            import_archive, load_archive, analyze_archive)
        from scanner.storage import Store
        import scanner.wallet_evidence as adapter
        from test_selected_cohort_observations import exchange
        from test_position_evidence import START, WINDOW as RAW_WINDOW, WALLET
        import hashlib
        raw = exchange('development-partial', 100, START+3600, 0, 100)
        digest = hashlib.sha256(canonical_bytes(raw)).hexdigest()
        manifest = {'version':VERSION, 'address':WALLET, 'window':RAW_WINDOW, 'dataset':'real',
                    'transactions':[{'signature':'development-partial', 'hash':digest}], 'evidence':[]}
        store = Store(tmp_path/'data')
>       identifier = import_archive(store, pack_bytes(manifest, {digest:canonical_bytes(raw)}), reserve_bytes=0)
                                           ^^^^^^^^^^^^^^^^^^^^^^^^^^^^^^^^^^^^^^^^^^^^^^^^^^^
E       TypeError: pack_bytes() takes 1 positional argument but 2 were given

tests/test_production_evidence_composition.py:187: TypeError
=============================== warnings summary ===============================
.venv/lib/python3.12/site-packages/fastapi/testclient.py:1
  /workspace/solana-wallet-scanner/.venv/lib/python3.12/site-packages/fastapi/testclient.py:1: StarletteDeprecationWarning: Using `httpx` with `starlette.testclient` is deprecated; install `httpx2` instead.
    from starlette.testclient import TestClient as TestClient  # noqa

-- Docs: https://docs.pytest.org/en/stable/how-to/capture-warnings.html
=========================== short test summary info ============================
FAILED tests/test_production_evidence_composition.py::test_real_adapter_partial_interval_with_null_passing_population_reason_stays_structured
1 failed, 156 passed, 1 warning, 21 subtests passed in 37.62s
