F                                                                        [100%]
=================================== FAILURES ===================================
____ test_outside_window_unresolved_fee_does_not_erase_proved_current_fees _____

session = (<starlette.testclient.TestClient object at 0x7f6eaa07e360>, <fastapi.applications.FastAPI object at 0x7f6eaa178080>, PosixPath('/tmp/pytest-of-agent/pytest-412/test_outside_window_unresolved0/data'))

    def test_outside_window_unresolved_fee_does_not_erase_proved_current_fees(session):
        client, app, _ = session
        store = app.state.store
        parent, collected = seed_report(store)
        inside = deepcopy(collected['transactions'][0])
        outside = deepcopy(inside)
        signature = 'development-older-fee-missing'
        outside['signature'] = signature
        outside['raw']['transaction']['signatures'][0] = signature
        outside['raw']['slot'] -= 1000
        outside['raw']['blockTime'] = int((utc(parent['window']['start'])-timedelta(days=1)).timestamp())
        outside['raw']['meta']['fee'] = None
        outside['evidence_hash'] = store.archive(outside['raw'])
        collected['transactions'].append(outside)
        ref = {'kind':'transaction', 'signature':signature, 'hash':outside['evidence_hash']}
        collected['evidence'].append(ref)
        collected['checkpoint']['transactions'][signature] = {'signature':signature,'evidence_hash':outside['evidence_hash']}
        collected['checkpoint']['evidence'].append(ref)
        parent['collection_input_hash'] = freeze_report_inputs(store,parent['address'],parent['window'],collected)
        store.put('reports',parent['id'],parent)
        child = rebuild(client,parent)
        current = child['research']['wallet_fees_paid_sol']
        assert current is not None, child['research']
        metric = child['metrics']['observed_network_fees_sol']
>       assert metric['status'] == 'known', {'expected_from_current_raw_projection':current,'actual':metric}
E       AssertionError: {'expected_from_current_raw_projection': '0.000141389', 'actual': {'value': None, 'status': 'unknown', 'unit': 'SOL', 'population': 'Selected native records within the reporting window; wallet completeness is separate', ...}}
E       assert 'unknown' == 'known'
E         
E         - known
E         + unknown
E         ? ++

evidence/metric-completion-batch/review-composition/test_native_fee_disjoint_review.py:36: AssertionError
=============================== warnings summary ===============================
.venv/lib/python3.12/site-packages/fastapi/testclient.py:1
  /workspace/solana-wallet-scanner/.venv/lib/python3.12/site-packages/fastapi/testclient.py:1: StarletteDeprecationWarning: Using `httpx` with `starlette.testclient` is deprecated; install `httpx2` instead.
    from starlette.testclient import TestClient as TestClient  # noqa

-- Docs: https://docs.pytest.org/en/stable/how-to/capture-warnings.html
=========================== short test summary info ============================
FAILED evidence/metric-completion-batch/review-composition/test_native_fee_disjoint_review.py::test_outside_window_unresolved_fee_does_not_erase_proved_current_fees
1 failed, 1 warning in 0.45s
