============================= test session starts ==============================
platform linux -- Python 3.12.14, pytest-9.1.1, pluggy-1.6.0 -- /workspace/solana-wallet-scanner/.venv/bin/python
cachedir: .pytest_cache
rootdir: /workspace/solana-wallet-scanner
configfile: pyproject.toml
plugins: anyio-4.15.1
collecting ... collected 46 items

tests/test_cost_flow_evidence.py::test_wallet_owned_creation_enters_existing_ledger_as_internal_movement_and_fee_once PASSED [  2%]
tests/test_cost_flow_evidence.py::test_wallet_owned_zero_token_closure_is_refund_not_income_or_fee PASSED [  4%]
tests/test_cost_flow_evidence.py::test_existing_token_owner_alone_cannot_prove_refund_rights_for_top_up PASSED [  6%]
tests/test_cost_flow_evidence.py::test_external_transfers_keep_unknown_role_even_when_gross_sides_cancel PASSED [  8%]
tests/test_cost_flow_evidence.py::test_required_alternative_loss_conflict_and_exact_restoration_do_not_mutate_parent PASSED [ 10%]
tests/test_cost_flow_evidence.py::test_foreign_owner_missing_signer_or_malformed_admin_preserves_independent_fee PASSED [ 13%]
tests/test_cost_flow_evidence.py::test_failed_administration_adds_no_roles_and_keeps_only_actual_fee PASSED [ 15%]
tests/test_cost_flow_evidence.py::test_retained_genuine_compiled_account_creation_admits_exact_funding_without_completeness PASSED [ 17%]
tests/test_cost_flow_evidence.py::test_internal_creation_normal_saved_report_offline_rebuild_and_source_loss PASSED [ 19%]
tests/test_cost_flow_evidence.py::test_existing_legacy_wsol_funding_sync_reaches_shared_quantities_and_fee_roles_parsed_and_compiled PASSED [ 21%]
tests/test_cost_flow_evidence.py::test_legacy_wsol_sync_dependency_loss_conflicts_wrong_reserve_and_authority_keep_fee_isolated PASSED [ 23%]
tests/test_cost_flow_evidence.py::test_nonzero_legacy_wsol_close_returns_principal_and_rent_once_with_loss_restoration PASSED [ 26%]
tests/test_historical_reserve_marks.py::test_pinned_primary_vault_contract_and_genuine_exact_phase_prices PASSED [ 28%]
tests/test_historical_reserve_marks.py::test_required_alternative_loss_conflict_or_malformed_original_revokes_and_restores[missing] PASSED [ 30%]
tests/test_historical_reserve_marks.py::test_required_alternative_loss_conflict_or_malformed_original_revokes_and_restores[reserve-conflict] PASSED [ 32%]
tests/test_historical_reserve_marks.py::test_required_alternative_loss_conflict_or_malformed_original_revokes_and_restores[unsupported] PASSED [ 34%]
tests/test_historical_reserve_marks.py::test_required_alternative_loss_conflict_or_malformed_original_revokes_and_restores[malformed-index] PASSED [ 36%]
tests/test_historical_reserve_marks.py::test_required_alternative_loss_conflict_or_malformed_original_revokes_and_restores[wrong-vault-owner] PASSED [ 39%]
tests/test_historical_reserve_marks.py::test_network_fee_loss_is_independent_but_clock_or_original_byte_loss_is_required PASSED [ 41%]
tests/test_economic_evidence.py::test_protocol_wrapped_sol_mark_and_native_phase_survive_missing_unrelated_fee PASSED [ 43%]
tests/test_economic_evidence.py::test_absolute_native_conflict_does_not_erase_independent_protocol_unit_mark PASSED [ 45%]
tests/test_economic_evidence.py::test_equivalent_native_phase_array_locations_are_not_conflicting_facts PASSED [ 47%]
tests/test_economic_evidence.py::test_required_alternative_loss_revokes_dependent_observations_and_restoration_is_exact PASSED [ 50%]
tests/test_economic_evidence.py::test_independent_windows_and_absent_native_address_never_manufacture_zero_inventory PASSED [ 52%]
tests/test_economic_evidence.py::test_nonsettlement_units_are_not_valued_and_zero_units_need_no_price PASSED [ 54%]
tests/test_economic_evidence.py::test_partial_internal_zero_flow_result_never_supplies_equity_or_complete_economic_inputs PASSED [ 56%]
tests/test_economic_evidence.py::test_retained_genuine_original_native_phase_is_known_without_complete_wallet_profit PASSED [ 58%]
tests/test_real_coverage.py::test_current_historical_source_decision_binds_primary_bytes_and_separates_capabilities PASSED [ 60%]
tests/test_real_coverage.py::test_returned_source_decision_mutation_cannot_promote_a_future_query_or_capability PASSED [ 63%]
tests/test_real_coverage.py::test_genuine_compiled_and_native_parsed_selection_retains_every_original_query_record PASSED [ 65%]
tests/test_real_coverage.py::test_complete_independent_narrow_query_survives_broken_older_wide_query PASSED [ 67%]
tests/test_wallet_evidence.py::test_missing_fee_isolated_from_raw_physical_quantities_and_ownership PASSED [ 69%]
tests/test_wallet_evidence.py::test_internal_transfer_preserves_mint_aggregate_and_does_not_create_a_purchase PASSED [ 71%]
tests/test_wallet_evidence.py::test_unexplained_native_flow_revokes_economic_role_but_preserves_actual_fee PASSED [ 73%]
tests/test_wallet_evidence.py::test_existing_fifo_retains_losing_and_breakeven_episodes_with_unresolved_real_population PASSED [ 76%]
tests/test_archive_input.py::test_raw_inputs_reach_fifo_with_partial_sales_loss_breakeven_reentry_and_failed_fee PASSED [ 78%]
tests/test_archive_input.py::test_shorter_verification_history_does_not_erase_proved_reporting_period PASSED [ 80%]
tests/test_archive_input.py::test_claimed_real_world_or_completion_boolean_cannot_certify_a_wallet PASSED [ 82%]
tests/test_archive_fee_window.py::test_fee_membership_is_independent_of_same_slot_ordering PASSED [ 84%]
tests/test_archive_fee_window.py::test_zero_wallet_paid_fee_is_independent_of_ambiguous_interval_placement PASSED [ 86%]
tests/test_selected_cohort_observations.py::test_missing_trade_fee_revokes_money_and_open_basis_but_preserves_closed_holding_time PASSED [ 89%]
tests/test_selected_cohort_observations.py::test_missing_exit_fee_retains_quantity_timing_and_independent_remaining_basis[selected] PASSED [ 91%]
tests/test_selected_cohort_observations.py::test_missing_exit_fee_retains_quantity_timing_and_independent_remaining_basis[alternative] PASSED [ 93%]
tests/test_disposed_origin_scopes.py::test_old_disposal_cost_gap_cannot_certify_90_days_or_erase_newer_scopes PASSED [ 95%]
tests/test_report_view.py::test_display_preserves_all_visible_conclusions_sources_and_dependency_warnings_without_mutation PASSED [ 97%]
tests/test_validation_gates.py::test_focused_batches_preserve_the_exact_existing_union PASSED [100%]

=============================== warnings summary ===============================
.venv/lib/python3.12/site-packages/fastapi/testclient.py:1
  /workspace/solana-wallet-scanner/.venv/lib/python3.12/site-packages/fastapi/testclient.py:1: StarletteDeprecationWarning: Using `httpx` with `starlette.testclient` is deprecated; install `httpx2` instead.
    from starlette.testclient import TestClient as TestClient  # noqa

-- Docs: https://docs.pytest.org/en/stable/how-to/capture-warnings.html
======================== 46 passed, 1 warning in 10.78s ========================
