M	.gitignore
M	ISSUES.md
M	README.md
M	docs/ACCEPTANCE_MATRIX.json
M	docs/ARCHIVE_INPUT_CONTRACT.md
M	docs/CONTRACT.md
M	docs/R1_SOURCE_DECISION.md
A	evidence/product-completion/BASELINE_IDENTITY.json
A	evidence/product-completion/GITHUB_ACCESS.json
A	evidence/product-completion/PRE_PUSH_AUDIT.json
A	evidence/product-completion/WORKED_EXPECTATIONS.json
A	evidence/product-completion/references/original-wallet-scanner-blueprint.pdf
A	evidence/product-milestone/product-accepted/partial-real-input.zip
A	evidence/product-milestone/product-browser-accepted/partial-real-input.zip
A	evidence/product-milestone/product-browser-accepted/synthetic-input.zip
A	evidence/runs/real-cache/archives/01952081c7fcbe5376ac78b5a7d98ff8091d9dd015ea49b51b09139b47f70a5f.json.gz
A	evidence/runs/real-cache/archives/0623317daef566a8426e30846d723b377e607ad478cfcce6964914fb6f4fe3f5.json.gz
A	evidence/runs/real-cache/archives/08f9b60d4725e72b6910d196d13742d7179bfdef9918ea55f7460d686e89b272.json.gz
A	evidence/runs/real-cache/archives/09eaa1bc3e83cc53b9e68983ae9555309e46365f62e186b222b8b04fcae90ebc.json.gz
A	evidence/runs/real-cache/archives/0c41cc26088f76df46f8b3f3772c0eb53353adbe599cc1dab178831ef199a03e.json.gz
A	evidence/runs/real-cache/archives/0ced2be1676151e8ed46f22ceb09191f8ecdf833f7fb995c03e9adc429e87a59.json.gz
A	evidence/runs/real-cache/archives/1c933a5646feb4eee12afffab7d77b1444b26189fe68e05f0ef76cb0e28204d7.json.gz
A	evidence/runs/real-cache/archives/1fcc360c90b0783427b12c6cb5c75ccc69a0e9855793e4d53bb95b15eed0fee6.json.gz
A	evidence/runs/real-cache/archives/215e217843f860336df7b96464b46c79d164c13f26bd1f45922fb09904ad802f.json.gz
A	evidence/runs/real-cache/archives/21c0ac4d3c2c51ec67ddf1e4bec585813e977a14b18c9b22fc656cc97bd055e6.json.gz
A	evidence/runs/real-cache/archives/2507165a171b8846bfc50dc0c18be9a88a33605e80321a8f0216348df0d0b85e.json.gz
A	evidence/runs/real-cache/archives/298a4d85cff1e2851cf3883e44822633170d7a80ac80cd3ef6db1ba6dde02941.json.gz
A	evidence/runs/real-cache/archives/2f80ff1da1e55fb8a6d9ce5d1a0f523aac6fa14a9d3c9cd687b7c17c240015cf.json.gz
A	evidence/runs/real-cache/archives/31b0b7ff5dcc7025a147e8e0189ba74964e934052cf289787f885e688b9d0076.json.gz
A	evidence/runs/real-cache/archives/329e3b730938b8fff40147806a380dde4f448e4aae9f5d299b27d50d5798ab38.json.gz
A	evidence/runs/real-cache/archives/3a488cc54991eac9d16198223ccf66d2cfb4237d74a83e1ada68a096b40ac1cb.json.gz
A	evidence/runs/real-cache/archives/3dd0bca5799cf6474a56cf9d359099fd0c4f597972450389afb31da8b1bbf3a1.json.gz
A	evidence/runs/real-cache/archives/43fc29a8bc85d94c3e333d09bf8c54a6ca1ec2812ad3dbb7a88cb21e648c1f60.json.gz
A	evidence/runs/real-cache/archives/45c798fa2be0bff22b25981ee69a925814c54c0933d8262e7ff5e82ee79b4a28.json.gz
A	evidence/runs/real-cache/archives/5100fcada6d1b7d43d329bff4a5989869cfab8c917451bb086ed27b3bc62a300.json.gz
A	evidence/runs/real-cache/archives/56c41cd193b9ebc07b9b1dc012bd8d98707927e78bbf5ee8afc1af257a93c07a.json.gz
A	evidence/runs/real-cache/archives/5bb8bdda732d03d1b569a392549652986f72f2116a83ad78c41f1f4b9bd02f22.json.gz
A	evidence/runs/real-cache/archives/6b15b756e1112ec34eecd5a8261636480ca27742654772565c9ca1f9a027ad1a.json.gz
A	evidence/runs/real-cache/archives/7564216068373385a57ed7c6768bed5d7c2a373e5a346cf5dcf7f92dfb2a3b59.json.gz
A	evidence/runs/real-cache/archives/7ac041bce47e27de7a8e3f7bd61c4b7c3a9e2902798f1a05b6b0091822dadade.json.gz
A	evidence/runs/real-cache/archives/7bb20ac28062168d3fa976a832b8db968abc51b94f197e4d60bfdf21830d8086.json.gz
A	evidence/runs/real-cache/archives/820d22e972b421ca663f1a59fb19ef534d04175ee50bee6aa3fffe6c31db3cb5.json.gz
A	evidence/runs/real-cache/archives/828b51c3e153a17653c1b31a1becf1d071f73b70271a673b2a6efbe58e4a09b3.json.gz
A	evidence/runs/real-cache/archives/87b8e9f3b0f59e96b690e9232cfdcc750e27cfab02d5922ecd874f9f07853aeb.json.gz
A	evidence/runs/real-cache/archives/88263d7e08b8ad544d9a875391db00c36506d146640edb60aabbc3efb94e4549.json.gz
A	evidence/runs/real-cache/archives/8bf45c5ac4c85b5131c406958266d54a1be1d67db6e90fea90445646baa45658.json.gz
A	evidence/runs/real-cache/archives/8c6c8b88a6e0eaee094bce4f55a3ac581ff4c5d1be559f24f9e0beecb098b164.json.gz
A	evidence/runs/real-cache/archives/8ca4052ad2efc693a12d7137b314b062ce2003b28c2e0187a9d1f74343a5927a.json.gz
A	evidence/runs/real-cache/archives/8e94b335c494ae2b2924fa6479a2f54bd4be770dabbac38eef5b07618050739c.json.gz
A	evidence/runs/real-cache/archives/8ec0e0c20710ab7155252fd133d79544ec37b2bc909bf4a4237b4e861d50774a.json.gz
A	evidence/runs/real-cache/archives/91fffcf77a57882c377bec6cf1e89b7513d2618d078be0929f4a7820d31bb6f8.json.gz
A	evidence/runs/real-cache/archives/9f4c6fc51aabfa30189aced3c27337976b847c2c26bb6b8c0c1097354a498b04.json.gz
A	evidence/runs/real-cache/archives/a043cb4b7be6c0b485927a97dd3afc5887ddb1394269697c2f9a8730e7d1c6ce.json.gz
A	evidence/runs/real-cache/archives/a0e4c0ac1871b34a624cc75c5f728ae65a48203960a19a687f9237af5ea79d56.json.gz
A	evidence/runs/real-cache/archives/a78870e81dc6ba67860fd1f160194c03b157bf65e86729e400c8c1ceb9c295d8.json.gz
A	evidence/runs/real-cache/archives/ac7b849c0fad6e22139609a3f27979f7262d20d4a6a0485217f8d95b99a5b300.json.gz
A	evidence/runs/real-cache/archives/adc188197dbe35f5f9904c4f072a1aece423f485da24336613ca8173153823d3.json.gz
A	evidence/runs/real-cache/archives/b001a2257840cd9e4b57ee4984adb825813e23643b3f61bf6075e9f8dc5e2240.json.gz
A	evidence/runs/real-cache/archives/bb227d708c688a3df9e0875dc90df4cdd41743265cf32a6e95c91d3218b446cd.json.gz
A	evidence/runs/real-cache/archives/c54c73871bb8252e2ef40208cbc18605b71a2022bbc941702194e450fc9c1a9f.json.gz
A	evidence/runs/real-cache/archives/cabad7a87f4f527da12836b892c81031b7db34b144664bd62bcc1ba9a56d2129.json.gz
A	evidence/runs/real-cache/archives/cf3561c93619215be1dd7a2da03ea2f19e95a9440eba5a5c4d764b1f431617c3.json.gz
A	evidence/runs/real-cache/archives/d7bd4cf9bdbd1984356fcd915fb89c8aa8a3268b8312428c3a64c84d0764e708.json.gz
A	evidence/runs/real-cache/archives/d86a8866890b6eeec83285e93e31e7a2404f215534c6be3a6e6e855f7ef5b2c2.json.gz
A	evidence/runs/real-cache/archives/d8c9e234b490c065c01a5803392c65c05b88fabf0f67c6d5b2622432c4e4666f.json.gz
A	evidence/runs/real-cache/archives/dca1602958fdfb2a530352559301a6a69bad294629331c5728467010b3bd917b.json.gz
A	evidence/runs/real-cache/archives/dcb1d57b45ce389f44be0fd3c1b7caae139c281987636c6c41aa03efdbcc7251.json.gz
A	evidence/runs/real-cache/archives/dd29ce8e99470f030ae42edf147cce94e59fe766e8a2f162ae6e4508b14c78f6.json.gz
A	evidence/runs/real-cache/archives/e1201cd5c9f97a90fc7b32109e5cdbd0da2d6084dc4ea4e6404cabe52706eb0d.json.gz
A	evidence/runs/real-cache/archives/e147d510e92afaa31b0e09cc302af99543ed4ee07f14799570b1727223ceee35.json.gz
A	evidence/runs/real-cache/archives/e71265e1c0cef36b12f46035aa79a145227d9f9c5548d135dc975b5cd0e9f81c.json.gz
A	evidence/runs/real-cache/archives/ee186740936a77e58f4d0f24cf9787f8cb02f8b59e3e778fc2421078e1b413f9.json.gz
A	evidence/runs/real-cache/archives/f262878a19943ece4075dc1aa3622d3a99bc4578eafd61a9ee26c02df792d004.json.gz
A	evidence/runs/real-cache/archives/f3bcb1684409e3d6cb05c8d1e1e4028a1c50cbaca49bc07194bffff9cac138eb.json.gz
A	evidence/runs/real-cache/archives/f6683ece6bf69c6abfb7709b90d990bdd19476b6b6104378b5f7cb6de8fe3529.json.gz
A	evidence/runs/real-cache/archives/fa8b21c615f7bb6c3db7f61926ccb8607e1c1d99204f93e1e98669c2f89f1e64.json.gz
A	evidence/runs/real-cache/archives/fe8c67ac124bafebcd391781f4071b13240cfbf6542d776669b836d785b3624b.json.gz
A	evidence/runs/real-cache/archives/feae500da93f1bdf9f038d4bec8636af172fc626272796086a8759ef1a5416bf.json.gz
A	evidence/runs/real-cache/manifest.json.gz
R082	frontend/dist/assets/index-BQoqt_xB.js	frontend/dist/assets/index-DCOfel89.js
M	frontend/dist/index.html
M	frontend/src/report.tsx
M	frontend/src/types.ts
M	scanner/app.py
M	scanner/archive_input.py
M	scanner/chronology_evidence.py
M	scanner/copy_review.py
A	tests/test_archive_fee_window.py
A	tests/test_private_publication.py
A	tests/test_repository_audit.py
A	tools/publish_private.py
A	tools/repository_audit.py
