.......................F...                                              [100%]
=================================== FAILURES ===================================
_ test_failed_transaction_fee_gap_does_not_create_an_episode_or_erase_remaining_basis[selected] _

linked = False

    @pytest.mark.parametrize('linked', [False, True], ids=['selected', 'alternative'])
    def test_failed_transaction_fee_gap_does_not_create_an_episode_or_erase_remaining_basis(linked):
        failed = base(quantity=100)
        failed['transaction']['signatures'] = ['failed-attempt']
        failed['slot'], failed['blockTime'] = 101, START + 7200
        failed['meta']['err'] = {'InstructionError': [0, 'InvalidAccountData']}
        broken = deepcopy(failed)
        broken['meta']['fee'] = None
        result = positions([exchange('buy', 100, START + 3600, 0, 100), failed if linked else broken],
                           alternatives=[record(broken)] if linked else [])
        aggregate = result['mints'][MINT]
>       assert aggregate['quantity_state'] == aggregate['position_state'] == 'PASS'
E       AssertionError: assert 'PASS' == 'UNKNOWN'
E         
E         - UNKNOWN
E         + PASS

tests/test_wallet_position_population.py:341: AssertionError
=============================== warnings summary ===============================
.venv/lib/python3.12/site-packages/fastapi/testclient.py:1
  /workspace/solana-wallet-scanner/.venv/lib/python3.12/site-packages/fastapi/testclient.py:1: StarletteDeprecationWarning: Using `httpx` with `starlette.testclient` is deprecated; install `httpx2` instead.
    from starlette.testclient import TestClient as TestClient  # noqa

-- Docs: https://docs.pytest.org/en/stable/how-to/capture-warnings.html
=========================== short test summary info ============================
FAILED tests/test_wallet_position_population.py::test_failed_transaction_fee_gap_does_not_create_an_episode_or_erase_remaining_basis[selected]
1 failed, 26 passed, 1 warning in 2.70s
