/workspace/solana-wallet-scanner/.venv/lib/python3.12/site-packages/fastapi/testclient.py:1: StarletteDeprecationWarning: Using `httpx` with `starlette.testclient` is deprecated; install `httpx2` instead.
  from starlette.testclient import TestClient as TestClient  # noqa
START archive-import
END archive-import 0.120889
START report-display
END report-display 0.041696
START source-inspection-1
END source-inspection-1 0.002099
START source-inspection-2
END source-inspection-2 0.001299
START source-inspection-3
END source-inspection-3 0.001144
START source-inspection-4
END source-inspection-4 0.001128
START csv-export
END csv-export 0.028851
START report-default-full
END report-default-full 0.048795
START json-export
END json-export 0.14748
START state-summary
END state-summary 0.016973
START same-input-rebuild
END same-input-rebuild 0.109036
START child-display
END child-display 0.035062
FINAL OBSERVED
